09-15 13:56:43.321 V/IntervalStats( 2311): Unable to parse shortcut 10 for package 10
09-15 13:56:43.377 V/IntervalStats( 2311): Unable to parse shortcut 10 for package 10
09-15 13:56:43.378 V/IntervalStats( 2311): Unable to parse shortcut 10 for package 10
09-15 13:56:43.462 V/IntervalStats( 2311): Unable to parse shortcut 10 for package 10
09-15 13:58:42.302 I/abb     ( 7103): StartCommandInProcess(73657474696e67730067657400676c6f settings.get.glo 
[truncated])
09-15 13:58:42.335 I/abb     ( 7103): StartCommandInProcess(7061636b61676500696e7374616c6c00 package.install. 
[truncated])
09-15 13:58:44.922 D/ShortcutService( 2311): received package broadcast intent: Intent { 
act=android.intent.action.PACKAGE_REMOVED dat=package: flg=0x4000010 (has extras) }
09-15 13:58:45.937 D/ShortcutService( 2311): received package broadcast intent: Intent { 
act=android.intent.action.PACKAGE_ADDED dat=package: flg=0x4000010 (has extras) }
09-15 13:58:45.937 D/ShortcutService( 2311): replacing package: com.fitnessss.fitlife userId=0
09-15 13:59:03.734 I/System.out(12755): DEBUG: WebRTCService - init() called
09-15 13:59:03.734 I/System.out(12755): DEBUG: WebRTCService - initializePeerConnectionFactory() start
09-15 13:59:03.748 I/org.webrtc.Logging(12755): NativeLibrary: Loading native library: jingle_peerconnection_so
09-15 13:59:03.749 I/org.webrtc.Logging(12755): NativeLibrary: Loading library: jingle_peerconnection_so
09-15 13:59:03.811 D/nativeloader(12755): Load /data/app/~~IycbK9_FSzp7YIn3DTh5PQ==/com.fitnessss.fitlife-DQcXX9a7fe
3IOgT6Cp7TrQ==/base.apk!/lib/x86_64/libjingle_peerconnection_so.so using class loader ns clns-9 (caller=/data/app/~~
IycbK9_FSzp7YIn3DTh5PQ==/com.fitnessss.fitlife-DQcXX9a7fe3IOgT6Cp7TrQ==/base.apk!classes18.dex): ok
09-15 13:59:03.836 I/org.webrtc.Logging(12755): PeerConnectionFactory: PeerConnectionFactory was initialized 
without an injected Loggable. Any existing Loggable will be deleted.
09-15 13:59:03.940 I/org.webrtc.Logging(12755): WebRtcAudioManagerExternal: Sample rate is set to 48000 Hz
09-15 13:59:03.941 I/org.webrtc.Logging(12755): WebRtcAudioManagerExternal: Sample rate is set to 48000 Hz
09-15 13:59:03.947 I/org.webrtc.Logging(12755): JavaAudioDeviceModule: createAudioDeviceModule
09-15 13:59:03.947 I/org.webrtc.Logging(12755): JavaAudioDeviceModule: HW NS will not be used.
09-15 13:59:03.947 I/org.webrtc.Logging(12755): JavaAudioDeviceModule: HW AEC will not be used.
09-15 13:59:03.954 I/org.webrtc.Logging(12755): WebRtcAudioEffectsExternal: ctor@[name=main, id=2]
09-15 13:59:03.954 I/org.webrtc.Logging(12755): WebRtcAudioRecordExternal: ctor@[name=main, id=2]
09-15 13:59:03.963 I/org.webrtc.Logging(12755): WebRtcAudioTrackExternal: ctor@[name=main, id=2]
09-15 13:59:03.963 I/System.out(12755): DEBUG: WebRTCService - JavaAudioDeviceModule created for emulator 
compatibility
09-15 13:59:03.977 I/org.webrtc.Logging(12755): EglBase14Impl: Using OpenGL ES version 2
09-15 13:59:04.281 I/System.out(12755): DEBUG: WebRTCService - PeerConnectionFactory created: true
09-15 13:59:04.281 I/System.out(12755): DEBUG: WebRTCService - setupAudioManager(), AudioManager initialized
09-15 13:59:04.281 I/org.webrtc.Logging(12755): PeerConnectionFactory: onWorkerThreadReady
09-15 13:59:04.281 I/System.out(12755): DEBUG: WebRTCService - setupCameraExecutor(), Camera executor initialized
09-15 13:59:04.281 I/org.webrtc.Logging(12755): PeerConnectionFactory: onNetworkThreadReady
09-15 13:59:04.283 I/System.out(12755): DEBUG: WebRTCService - Fetching TURN credentials...
09-15 13:59:04.287 I/org.webrtc.Logging(12755): PeerConnectionFactory: onSignalingThreadReady
09-15 13:59:04.302 I/System.out(12755): DEBUG: WebRTCService - TURN credentials fetched successfully
09-15 13:59:04.303 I/System.out(12755): DEBUG: WebRTCService - Updated ICE servers: 9 servers
09-15 13:59:10.446 V/IntervalStats( 2311): Unable to parse shortcut 10 for package 10
09-15 13:59:10.449 V/IntervalStats( 2311): Unable to parse shortcut 10 for package 10
09-15 13:59:10.487 V/IntervalStats( 2311): Unable to parse shortcut 10 for package 10
09-15 13:59:10.488 V/IntervalStats( 2311): Unable to parse shortcut 10 for package 10
09-15 13:59:10.532 V/IntervalStats( 2311): Unable to parse shortcut 10 for package 10
09-15 13:59:11.204 I/System.out(12755): DEBUG: ChatViewModel - initiateCall repository success, setting up WebRTC
09-15 13:59:11.204 I/System.out(12755): DEBUG: WebRTCService - createPeerConnection() called, isVideoCall: false
09-15 13:59:11.204 I/System.out(12755): DEBUG: WebRTCService - immediatelyActivateAudio() called
09-15 13:59:11.267 I/System.out(12755): DEBUG: WebRTCService - Requesting audio focus...
09-15 13:59:11.274 I/MediaFocusControl( 2311): requestAudioFocus() from uid/pid 10222/12755 
AA=USAGE_VOICE_COMMUNICATION/CONTENT_TYPE_SPEECH clientId=android.media.AudioManager@300b844com.fitnessss.fitlife.da
ta.service.WebRTCService$$ExternalSyntheticLambda1@80b5d2d callingPack=com.fitnessss.fitlife req=2 flags=0x0 sdk=36
09-15 13:59:11.278 I/System.out(12755): DEBUG: WebRTCService - requestAudioFocus result: 1 (GRANTED)
09-15 13:59:11.636 I/System.out(12755): DEBUG: WebRTCService - Audio configuration complete - mode: 3, mic mute: 
false, speaker: true
09-15 13:59:11.665 I/System.out(12755): DEBUG: WebRTCService - Audio hardware info - available devices: 1, music 
active: false
09-15 13:59:11.672 I/System.out(12755): DEBUG: WebRTCService - Audio immediately activated: mode=3, micMute=false, 
speaker=true
09-15 13:59:11.679 I/System.out(12755): DEBUG: WebRTCService - RTCConfiguration iceTransportsType set to ALL for 
connectivity
09-15 13:59:11.705 I/org.webrtc.Logging(12755): NetworkMonitor: Start monitoring with native observer 
127689347053584 fieldTrialsString: 
09-15 13:59:11.743 W/org.webrtc.Logging(12755): NetworkMonitorAutoDetect: Unable to obtain permission to request a 
cellular network.
09-15 13:59:11.753 I/org.webrtc.Logging(12755): NetworkMonitorAutoDetect: Network becomes available: 100
09-15 13:59:11.771 I/org.webrtc.Logging(12755): NetworkMonitorAutoDetect: capabilities changed: [ Transports: WIFI 
Capabilities: NOT_METERED&INTERNET&NOT_RESTRICTED&TRUSTED&NOT_VPN&VALIDATED&NOT_ROAMING&FOREGROUND&NOT_CONGESTED&NOT
_SUSPENDED&NOT_VCN_MANAGED&NOT_BANDWIDTH_CONSTRAINED LinkUpBandwidth>=12000Kbps LinkDnBandwidth>=30000Kbps 
TransportInfo: <SSID: <unknown ssid>, BSSID: 02:00:00:00:00:00, MAC: 02:00:00:00:00:00, IP: /10.0.2.16, Security 
type: 0, Supplicant state: COMPLETED, Wi-Fi standard: legacy, RSSI: -50, Link speed: 1Mbps, Tx Link speed: 1Mbps, 
Max Supported Tx Link speed: 11Mbps, Rx Link speed: 2Mbps, Max Supported Rx Link speed: 11Mbps, Frequency: 2447MHz, 
Net ID: -1, Metered hint: false, score: 60, isUsable: true, CarrierMerged: false, SubscriptionId: -1, IsPrimary: 
-1, Trusted: true, Restricted: false, Ephemeral: false, OEM paid: false, OEM private: false, OSU AP: false, FQDN: 
<none>, Provider friendly name: <none>, Requesting package name: <none><none>MLO Information: , Is TID-To-Link 
negotiation supported by the AP: false, AP MLD Address: <none>, AP MLO Link Id: <none>, AP MLO Affiliated links: 
<none>, Vendor Data: <none>> SignalStrength: -50 UnderlyingNetworks: Null]
09-15 13:59:11.777 I/org.webrtc.Logging(12755): NetworkMonitorAutoDetect: link properties changed
09-15 13:59:11.785 I/System.out(12755): DEBUG: WebRTCService - onRenegotiationNeeded
09-15 13:59:11.804 I/System.out(12755): DEBUG: WebRTCService - Added audio transceiver with SEND_RECV
09-15 13:59:11.836 I/System.out(12755): DEBUG: WebRTCService - createAudioTrack() with constraints: mandatory: 
[googEchoCancellation: true, googNoiseSuppression: true, googAutoGainControl: true, googHighpassFilter: true, 
googAudioMirroring: false, googCpuOveruseDetection: false, googDsp: false], optional: [googTypingNoiseDetection: 
true, googAgcGain: 0, googAgcTargetDbov: 3, googAudioMirroring: false, googNoiseReduction: true]
09-15 13:59:11.842 I/System.out(12755): DEBUG: WebRTCService - Audio track created: true
09-15 13:59:11.846 I/System.out(12755): DEBUG: WebRTCService - Audio track enabled: true
09-15 13:59:11.846 I/System.out(12755): DEBUG: WebRTCService - Audio track kind: audio
09-15 13:59:11.846 I/System.out(12755): DEBUG: WebRTCService - Audio track id: audio_track
09-15 13:59:11.848 I/System.out(12755): DEBUG: WebRTCService - Audio source state: LIVE
09-15 13:59:11.853 I/System.out(12755): DEBUG: WebRTCService - addTrack returned sender is null? false
09-15 13:59:11.853 I/System.out(12755): DEBUG: WebRTCService - Audio track successfully added to peer connection
09-15 13:59:11.853 I/System.out(12755): DEBUG: WebRTCService - Sender track: audio_track
09-15 13:59:11.863 I/System.out(12755): DEBUG: WebRTCService - Sender parameters: org.webrtc.RtpParameters@f6ccbdc
09-15 13:59:11.864 I/System.out(12755): DEBUG: WebRTCService - Activating call audio mode...
09-15 13:59:11.884 I/System.out(12755): DEBUG: WebRTCService - Audio mode set to: 3
09-15 13:59:11.884 I/System.out(12755): DEBUG: WebRTCService - Audio focus already held; skipping request
09-15 13:59:11.930 I/System.out(12755): DEBUG: WebRTCService - Set STREAM_VOICE_CALL volume to max: 15
09-15 13:59:11.930 I/System.out(12755): DEBUG: WebRTCService - Call audio mode activated
09-15 13:59:11.936 I/System.out(12755): DEBUG: WebRTCService - Current audio settings: mode=3, speaker=true, 
micMute=false
09-15 13:59:11.936 I/System.out(12755): DEBUG: WebRTCService - PeerConnection created: true
09-15 13:59:11.936 I/System.out(12755): DEBUG: ChatViewModel - createPeerConnection success, creating offer
09-15 13:59:11.937 I/System.out(12755): DEBUG: WebRTCService - ensurePeerAndLocalAudio() called
09-15 13:59:11.944 I/System.out(12755): DEBUG: WebRTCService - Peer state: PC=NEW ICE=NEW
09-15 13:59:11.960 I/System.out(12755): DEBUG: WebRTCService - Sender: kind=audio enabled=true id=audio_track
09-15 13:59:11.960 D/WebRTCService(12755): ensureMicrophoneAccess() called
09-15 13:59:11.981 I/System.out(12755): DEBUG: WebRTCService - Audio focus already held; skipping request
09-15 13:59:11.984 D/WebRTCService(12755): Local audio track enabled: true
09-15 13:59:11.988 I/WebRTCService(12755): Microphone access ensured - Mode: 3, Mic muted: false
09-15 13:59:11.988 I/System.out(12755): DEBUG: WebRTCService - createOffer() with constraints: mandatory: 
[OfferToReceiveAudio: true, OfferToReceiveVideo: false], optional: [], isVideoCall: false
09-15 13:59:12.136 I/System.out(12755): DEBUG: WebRTCService - onSignalingChange: HAVE_LOCAL_OFFER
09-15 13:59:12.145 I/System.out(12755): DEBUG: WebRTCService - createOffer() result: OFFER length=1425
09-15 13:59:12.145 I/System.out(12755): DEBUG: CallRepository - updateSignalingData: setting callerSdp for session 
AaR2mG3vCVrmY7RbdpaN
09-15 13:59:12.145 I/System.out(12755): DEBUG: WebRTCService - onIceGatheringChange: GATHERING
09-15 13:59:12.146 I/System.out(12755): DEBUG: WebRTCService - onIceCandidate: 0:0
09-15 13:59:12.146 I/System.out(12755): DEBUG: WebRTCService - onIceCandidate: 0:0
09-15 13:59:12.146 I/System.out(12755): DEBUG: WebRTCService - onIceCandidate: 0:0
09-15 13:59:12.147 I/System.out(12755): DEBUG: WebRTCService - onIceCandidate: 0:0
09-15 13:59:12.147 I/System.out(12755): DEBUG: WebRTCService - onIceCandidate: 0:0
09-15 13:59:12.148 I/System.out(12755): DEBUG: WebRTCService - onIceCandidate: 0:0
09-15 13:59:12.148 I/System.out(12755): DEBUG: WebRTCService - onIceCandidate: 0:0
09-15 13:59:12.149 I/System.out(12755): DEBUG: WebRTCService - onIceCandidate: 0:0
09-15 13:59:12.149 I/System.out(12755): DEBUG: WebRTCService - onIceCandidate: 0:0
09-15 13:59:12.149 I/System.out(12755): DEBUG: WebRTCService - onIceCandidate: 0:0
09-15 13:59:12.150 I/System.out(12755): DEBUG: WebRTCService - onIceCandidate: 0:0
09-15 13:59:12.233 I/System.out(12755): DEBUG: CallViewModel - connectionState: NEW
09-15 13:59:12.437 I/System.out(12755): DEBUG: CallViewModel - listenForCallSession update: INITIATING
09-15 13:59:12.437 I/System.out(12755): DEBUG: CallViewModel - handleCallSessionUpdate: status=INITIATING, 
callerSdp=true, receiverSdp=false
09-15 13:59:12.844 I/System.out(12755): DEBUG: CallViewModel - listenForCallSession update: RINGING
09-15 13:59:12.844 I/System.out(12755): DEBUG: CallViewModel - handleCallSessionUpdate: status=RINGING, 
callerSdp=true, receiverSdp=false
09-15 13:59:13.389 I/System.out(12755): DEBUG: CallViewModel - listenForCallSession update: CONNECTING
09-15 13:59:13.390 I/System.out(12755): DEBUG: CallViewModel - handleCallSessionUpdate: status=CONNECTING, 
callerSdp=true, receiverSdp=false
09-15 13:59:13.390 I/System.out(12755): DEBUG: CallViewModel - handleCallSessionUpdate: CONNECTING status, SDP 
processing handled in answerCall()
09-15 13:59:15.217 I/System.out(12755): DEBUG: CallViewModel - listenForCallSession update: CONNECTED
09-15 13:59:15.218 I/System.out(12755): DEBUG: CallViewModel - handleCallSessionUpdate: status=CONNECTED, 
callerSdp=true, receiverSdp=false
09-15 13:59:15.218 I/System.out(12755): DEBUG: CallViewModel - handleCallSessionUpdate: call connected successfully
09-15 13:59:15.218 I/System.out(12755): DEBUG: WebRTCService - ensureAudioTrackEnabled() called
09-15 13:59:15.219 I/System.out(12755): DEBUG: WebRTCService - Local audio track state: enabled=true, kind=audio
09-15 13:59:15.227 I/System.out(12755): DEBUG: WebRTCService - Audio manager state: mode=3, micMute=false, 
speaker=true
09-15 13:59:15.227 I/System.out(12755): DEBUG: WebRTCService - Audio Setup State Check:
09-15 13:59:15.227 I/System.out(12755):   - PeerConnectionFactory: true
09-15 13:59:15.228 I/System.out(12755):   - PeerConnection: true
09-15 13:59:15.228 I/System.out(12755):   - LocalAudioTrack: true (enabled: true)
09-15 13:59:15.228 I/System.out(12755):   - HasActivePeerConnection: true
09-15 13:59:15.234 I/System.out(12755): DEBUG: WebRTCService - onCallConnected() - ensuring audio is fully activated
09-15 13:59:15.234 I/System.out(12755): DEBUG: WebRTCService - ensurePeerAndLocalAudio() called
09-15 13:59:15.240 I/System.out(12755): DEBUG: WebRTCService - Peer state: PC=NEW ICE=NEW
09-15 13:59:15.241 I/System.out(12755): DEBUG: WebRTCService - Sender: kind=audio enabled=true id=audio_track
09-15 13:59:15.242 D/WebRTCService(12755): ensureMicrophoneAccess() called
09-15 13:59:15.249 I/System.out(12755): DEBUG: WebRTCService - Audio focus already held; skipping request
09-15 13:59:15.250 D/WebRTCService(12755): Local audio track enabled: true
09-15 13:59:15.252 I/WebRTCService(12755): Microphone access ensured - Mode: 3, Mic muted: false
09-15 13:59:15.253 I/System.out(12755): DEBUG: WebRTCService - ensureAudioTrackEnabled() called
09-15 13:59:15.253 I/System.out(12755): DEBUG: WebRTCService - Local audio track state: enabled=true, kind=audio
09-15 13:59:15.261 I/System.out(12755): DEBUG: WebRTCService - Audio manager state: mode=3, micMute=false, 
speaker=true
09-15 13:59:15.261 I/System.out(12755): DEBUG: WebRTCService - Audio Setup State Check:
09-15 13:59:15.261 I/System.out(12755):   - PeerConnectionFactory: true
09-15 13:59:15.261 I/System.out(12755):   - PeerConnection: true
09-15 13:59:15.262 I/System.out(12755):   - LocalAudioTrack: true (enabled: true)
09-15 13:59:15.263 I/System.out(12755):   - HasActivePeerConnection: true
09-15 13:59:15.270 I/System.out(12755): DEBUG: WebRTCService - forceAudioRecordingStart() called
09-15 13:59:15.280 I/System.out(12755): DEBUG: WebRTCService - Forced audio recording: mode=3, micMute=false
09-15 13:59:15.281 I/System.out(12755): DEBUG: WebRTCService - Local audio track enabled: true
09-15 13:59:15.281 I/System.out(12755): DEBUG: WebRTCService - Audio Setup State Check:
09-15 13:59:15.281 I/System.out(12755):   - PeerConnectionFactory: true
09-15 13:59:15.281 I/System.out(12755):   - PeerConnection: true
09-15 13:59:15.284 I/System.out(12755):   - LocalAudioTrack: true (enabled: true)
09-15 13:59:15.284 I/System.out(12755):   - HasActivePeerConnection: true
09-15 13:59:15.290 I/System.out(12755): DEBUG: CallViewModel - ICE connected callback triggered, updating status to 
CONNECTED
09-15 13:59:15.376 I/System.out(12755): DEBUG: CallViewModel - listenForCallSession update: CONNECTED
09-15 13:59:15.376 I/System.out(12755): DEBUG: CallViewModel - handleCallSessionUpdate: status=CONNECTED, 
callerSdp=true, receiverSdp=false
09-15 13:59:15.376 I/System.out(12755): DEBUG: CallViewModel - handleCallSessionUpdate: call connected successfully
09-15 13:59:15.376 I/System.out(12755): DEBUG: WebRTCService - ensureAudioTrackEnabled() called
09-15 13:59:15.378 I/System.out(12755): DEBUG: WebRTCService - Local audio track state: enabled=true, kind=audio
09-15 13:59:15.390 I/System.out(12755): DEBUG: WebRTCService - Audio manager state: mode=3, micMute=false, 
speaker=true
09-15 13:59:15.390 I/System.out(12755): DEBUG: WebRTCService - Audio Setup State Check:
09-15 13:59:15.390 I/System.out(12755):   - PeerConnectionFactory: true
09-15 13:59:15.390 I/System.out(12755):   - PeerConnection: true
09-15 13:59:15.392 I/System.out(12755):   - LocalAudioTrack: true (enabled: true)
09-15 13:59:15.393 I/System.out(12755):   - HasActivePeerConnection: true
09-15 13:59:15.433 I/System.out(12755): DEBUG: CallViewModel - listenForCallSession update: CONNECTED
09-15 13:59:15.433 I/System.out(12755): DEBUG: CallViewModel - handleCallSessionUpdate: status=CONNECTED, 
callerSdp=true, receiverSdp=true
09-15 13:59:15.433 I/System.out(12755): DEBUG: CallViewModel - handleCallSessionUpdate: call connected successfully
09-15 13:59:15.433 I/System.out(12755): DEBUG: WebRTCService - ensureAudioTrackEnabled() called
09-15 13:59:15.434 I/System.out(12755): DEBUG: WebRTCService - Local audio track state: enabled=true, kind=audio
09-15 13:59:15.443 I/System.out(12755): DEBUG: WebRTCService - Audio manager state: mode=3, micMute=false, 
speaker=true
09-15 13:59:15.443 I/System.out(12755): DEBUG: WebRTCService - Audio Setup State Check:
09-15 13:59:15.443 I/System.out(12755):   - PeerConnectionFactory: true
09-15 13:59:15.444 I/System.out(12755):   - PeerConnection: true
09-15 13:59:15.445 I/System.out(12755):   - LocalAudioTrack: true (enabled: true)
09-15 13:59:15.445 I/System.out(12755):   - HasActivePeerConnection: true
09-15 13:59:15.468 I/System.out(12755): DEBUG: CallViewModel - new ICE candidates: 1
09-15 13:59:15.468 I/System.out(12755): DEBUG: WebRTCService - addIceCandidate: 0:0
09-15 13:59:15.482 I/System.out(12755): DEBUG: CallViewModel - listenForCallSession update: CONNECTED
09-15 13:59:15.483 I/System.out(12755): DEBUG: CallViewModel - handleCallSessionUpdate: status=CONNECTED, 
callerSdp=true, receiverSdp=true
09-15 13:59:15.483 I/System.out(12755): DEBUG: CallViewModel - handleCallSessionUpdate: call connected successfully
09-15 13:59:15.483 I/System.out(12755): DEBUG: WebRTCService - ensureAudioTrackEnabled() called
09-15 13:59:15.485 I/System.out(12755): DEBUG: WebRTCService - Local audio track state: enabled=true, kind=audio
09-15 13:59:15.506 I/System.out(12755): DEBUG: WebRTCService - Audio manager state: mode=3, micMute=false, 
speaker=true
09-15 13:59:15.506 I/System.out(12755): DEBUG: WebRTCService - Audio Setup State Check:
09-15 13:59:15.507 I/System.out(12755):   - PeerConnectionFactory: true
09-15 13:59:15.507 I/System.out(12755):   - PeerConnection: true
09-15 13:59:15.507 I/System.out(12755):   - LocalAudioTrack: true (enabled: true)
09-15 13:59:15.507 I/System.out(12755):   - HasActivePeerConnection: true
09-15 13:59:15.537 I/System.out(12755): DEBUG: CallViewModel - new ICE candidates: 1
09-15 13:59:15.538 I/System.out(12755): DEBUG: WebRTCService - addIceCandidate: 0:0
09-15 13:59:15.564 I/System.out(12755): DEBUG: CallViewModel - listenForCallSession update: CONNECTED
09-15 13:59:15.565 I/System.out(12755): DEBUG: CallViewModel - handleCallSessionUpdate: status=CONNECTED, 
callerSdp=true, receiverSdp=true
09-15 13:59:15.565 I/System.out(12755): DEBUG: CallViewModel - handleCallSessionUpdate: call connected successfully
09-15 13:59:15.565 I/System.out(12755): DEBUG: WebRTCService - ensureAudioTrackEnabled() called
09-15 13:59:15.569 I/System.out(12755): DEBUG: WebRTCService - Local audio track state: enabled=true, kind=audio
09-15 13:59:15.581 I/System.out(12755): DEBUG: WebRTCService - Audio manager state: mode=3, micMute=false, 
speaker=true
09-15 13:59:15.581 I/System.out(12755): DEBUG: WebRTCService - Audio Setup State Check:
09-15 13:59:15.581 I/System.out(12755):   - PeerConnectionFactory: true
09-15 13:59:15.581 I/System.out(12755):   - PeerConnection: true
09-15 13:59:15.583 I/System.out(12755):   - LocalAudioTrack: true (enabled: true)
09-15 13:59:15.583 I/System.out(12755):   - HasActivePeerConnection: true
09-15 13:59:15.620 I/System.out(12755): DEBUG: CallViewModel - new ICE candidates: 1
09-15 13:59:15.620 I/System.out(12755): DEBUG: WebRTCService - addIceCandidate: 0:0
09-15 13:59:15.634 I/System.out(12755): DEBUG: CallViewModel - listenForCallSession update: CONNECTED
09-15 13:59:15.634 I/System.out(12755): DEBUG: CallViewModel - handleCallSessionUpdate: status=CONNECTED, 
callerSdp=true, receiverSdp=true
09-15 13:59:15.634 I/System.out(12755): DEBUG: CallViewModel - handleCallSessionUpdate: call connected successfully
09-15 13:59:15.634 I/System.out(12755): DEBUG: WebRTCService - ensureAudioTrackEnabled() called
09-15 13:59:15.635 I/System.out(12755): DEBUG: WebRTCService - Local audio track state: enabled=true, kind=audio
09-15 13:59:15.650 I/System.out(12755): DEBUG: WebRTCService - Audio manager state: mode=3, micMute=false, 
speaker=true
09-15 13:59:15.650 I/System.out(12755): DEBUG: WebRTCService - Audio Setup State Check:
09-15 13:59:15.650 I/System.out(12755):   - PeerConnectionFactory: true
09-15 13:59:15.651 I/System.out(12755):   - PeerConnection: true
09-15 13:59:15.652 I/System.out(12755):   - LocalAudioTrack: true (enabled: true)
09-15 13:59:15.652 I/System.out(12755):   - HasActivePeerConnection: true
09-15 13:59:15.687 I/System.out(12755): DEBUG: CallViewModel - new ICE candidates: 2
09-15 13:59:15.687 I/System.out(12755): DEBUG: WebRTCService - addIceCandidate: 0:0
09-15 13:59:15.688 I/System.out(12755): DEBUG: WebRTCService - addIceCandidate: 0:0
09-15 13:59:15.707 I/System.out(12755): DEBUG: CallViewModel - listenForCallSession update: CONNECTED
09-15 13:59:15.707 I/System.out(12755): DEBUG: CallViewModel - handleCallSessionUpdate: status=CONNECTED, 
callerSdp=true, receiverSdp=true
09-15 13:59:15.707 I/System.out(12755): DEBUG: CallViewModel - handleCallSessionUpdate: call connected successfully
09-15 13:59:15.707 I/System.out(12755): DEBUG: WebRTCService - ensureAudioTrackEnabled() called
09-15 13:59:15.708 I/System.out(12755): DEBUG: WebRTCService - Local audio track state: enabled=true, kind=audio
09-15 13:59:15.732 I/System.out(12755): DEBUG: WebRTCService - Audio manager state: mode=3, micMute=false, 
speaker=true
09-15 13:59:15.733 I/System.out(12755): DEBUG: WebRTCService - Audio Setup State Check:
09-15 13:59:15.733 I/System.out(12755):   - PeerConnectionFactory: true
09-15 13:59:15.733 I/System.out(12755):   - PeerConnection: true
09-15 13:59:15.733 I/System.out(12755):   - LocalAudioTrack: true (enabled: true)
09-15 13:59:15.733 I/System.out(12755):   - HasActivePeerConnection: true
09-15 13:59:15.759 I/System.out(12755): DEBUG: CallViewModel - new ICE candidates: 1
09-15 13:59:15.759 I/System.out(12755): DEBUG: WebRTCService - addIceCandidate: 0:0
09-15 13:59:15.802 I/System.out(12755): DEBUG: CallViewModel - listenForCallSession update: CONNECTED
09-15 13:59:15.803 I/System.out(12755): DEBUG: CallViewModel - handleCallSessionUpdate: status=CONNECTED, 
callerSdp=true, receiverSdp=true
09-15 13:59:15.803 I/System.out(12755): DEBUG: CallViewModel - handleCallSessionUpdate: call connected successfully
09-15 13:59:15.803 I/System.out(12755): DEBUG: WebRTCService - ensureAudioTrackEnabled() called
09-15 13:59:15.803 I/System.out(12755): DEBUG: WebRTCService - Local audio track state: enabled=true, kind=audio
09-15 13:59:15.818 I/System.out(12755): DEBUG: WebRTCService - Audio manager state: mode=3, micMute=false, 
speaker=true
09-15 13:59:15.818 I/System.out(12755): DEBUG: WebRTCService - Audio Setup State Check:
09-15 13:59:15.818 I/System.out(12755):   - PeerConnectionFactory: true
09-15 13:59:15.819 I/System.out(12755):   - PeerConnection: true
09-15 13:59:15.821 I/System.out(12755):   - LocalAudioTrack: true (enabled: true)
09-15 13:59:15.822 I/System.out(12755):   - HasActivePeerConnection: true
09-15 13:59:15.857 I/System.out(12755): DEBUG: CallViewModel - new ICE candidates: 1
09-15 13:59:15.857 I/System.out(12755): DEBUG: WebRTCService - addIceCandidate: 0:0
09-15 13:59:15.870 I/System.out(12755): DEBUG: CallViewModel - listenForCallSession update: CONNECTED
09-15 13:59:15.871 I/System.out(12755): DEBUG: CallViewModel - handleCallSessionUpdate: status=CONNECTED, 
callerSdp=true, receiverSdp=true
09-15 13:59:15.871 I/System.out(12755): DEBUG: CallViewModel - handleCallSessionUpdate: call connected successfully
09-15 13:59:15.872 I/System.out(12755): DEBUG: WebRTCService - ensureAudioTrackEnabled() called
09-15 13:59:15.878 I/System.out(12755): DEBUG: WebRTCService - Local audio track state: enabled=true, kind=audio
09-15 13:59:15.892 I/System.out(12755): DEBUG: WebRTCService - Audio manager state: mode=3, micMute=false, 
speaker=true
09-15 13:59:15.892 I/System.out(12755): DEBUG: WebRTCService - Audio Setup State Check:
09-15 13:59:15.892 I/System.out(12755):   - PeerConnectionFactory: true
09-15 13:59:15.892 I/System.out(12755):   - PeerConnection: true
09-15 13:59:15.893 I/System.out(12755):   - LocalAudioTrack: true (enabled: true)
09-15 13:59:15.893 I/System.out(12755):   - HasActivePeerConnection: true
09-15 13:59:15.916 I/System.out(12755): DEBUG: CallViewModel - new ICE candidates: 1
09-15 13:59:15.916 I/System.out(12755): DEBUG: WebRTCService - addIceCandidate: 0:0
09-15 13:59:28.291 I/System.out(12755): DEBUG: CallViewModel - listenForCallSession update: ENDED
09-15 13:59:28.291 I/System.out(12755): DEBUG: CallViewModel - handleCallSessionUpdate: status=ENDED, 
callerSdp=true, receiverSdp=true
09-15 13:59:28.291 I/System.out(12755): DEBUG: CallViewModel - handleCallSessionUpdate: call finished with ENDED
09-15 13:59:28.291 I/System.out(12755): DEBUG: WebRTCService - Camera2 capture stopped
09-15 13:59:28.297 I/System.out(12755): DEBUG: WebRTCService - onIceConnectionChange: CLOSED
09-15 13:59:28.298 I/System.out(12755): DEBUG: WebRTCService - ICE FAILED/DISCONNECTED: CLOSED
09-15 13:59:28.298 I/System.out(12755): DEBUG: WebRTCService - onConnectionChange: CLOSED
09-15 13:59:28.300 I/System.out(12755): DEBUG: CallViewModel - onConnectionStateChanged CLOSED
09-15 13:59:28.301 I/System.out(12755): DEBUG: WebRTCService - onSignalingChange: CLOSED
09-15 13:59:28.310 I/org.webrtc.Logging(12755): NetworkMonitor: Stop monitoring with native observer 127689347053584
09-15 13:59:28.311 I/org.webrtc.Logging(12755): NetworkMonitorAutoDetect: Unregister network callback
09-15 13:59:28.335 I/MediaFocusControl( 2311): abandonAudioFocus() from uid/pid 10222/12755 clientId=android.media.A
udioManager@300b844com.fitnessss.fitlife.data.service.WebRTCService$$ExternalSyntheticLambda1@80b5d2d 
callingPack=com.fitnessss.fitlife
09-15 13:59:28.344 I/System.out(12755): DEBUG: WebRTCService - disconnect() completed
09-15 13:59:28.394 I/System.out(12755): DEBUG: CallViewModel - connectionState: CLOSED
09-15 14:01:14.878 D/StatsLog( 2727): LAUNCHER_SYSTEM_SHORTCUT_APP_INFO_TAP
09-15 14:01:22.965 V/IntervalStats( 2311): Unable to parse shortcut 10 for package 10
09-15 14:01:22.991 V/IntervalStats( 2311): Unable to parse shortcut 10 for package 10
09-15 14:01:23.042 V/IntervalStats( 2311): Unable to parse shortcut 10 for package 10
09-15 14:01:23.042 V/IntervalStats( 2311): Unable to parse shortcut 10 for package 10
09-15 14:01:23.085 V/IntervalStats( 2311): Unable to parse shortcut 10 for package 10
09-15 14:01:30.484 D/ShortcutService( 2311): received package broadcast intent: Intent { 
act=android.intent.action.PACKAGE_DATA_CLEARED dat=package: flg=0x5000010 (has extras) }
09-15 14:01:30.484 D/ShortcutService( 2311): clearing data for package: com.fitnessss.fitlife userId=0
09-15 14:01:55.361 V/IntervalStats( 2311): Unable to parse shortcut 10 for package 10
09-15 14:01:55.364 V/IntervalStats( 2311): Unable to parse shortcut 10 for package 10
09-15 14:01:55.450 V/IntervalStats( 2311): Unable to parse shortcut 10 for package 10
09-15 14:01:55.450 V/IntervalStats( 2311): Unable to parse shortcut 10 for package 10
09-15 14:01:55.494 V/IntervalStats( 2311): Unable to parse shortcut 10 for package 10
09-15 14:02:21.547 I/System.out(13813): DEBUG: WebRTCService - init() called
09-15 14:02:21.547 I/System.out(13813): DEBUG: WebRTCService - initializePeerConnectionFactory() start
09-15 14:02:21.554 I/org.webrtc.Logging(13813): NativeLibrary: Loading native library: jingle_peerconnection_so
09-15 14:02:21.554 I/org.webrtc.Logging(13813): NativeLibrary: Loading library: jingle_peerconnection_so
09-15 14:02:21.616 D/nativeloader(13813): Load /data/app/~~IycbK9_FSzp7YIn3DTh5PQ==/com.fitnessss.fitlife-DQcXX9a7fe
3IOgT6Cp7TrQ==/base.apk!/lib/x86_64/libjingle_peerconnection_so.so using class loader ns clns-9 (caller=/data/app/~~
IycbK9_FSzp7YIn3DTh5PQ==/com.fitnessss.fitlife-DQcXX9a7fe3IOgT6Cp7TrQ==/base.apk!classes18.dex): ok
09-15 14:02:21.635 I/org.webrtc.Logging(13813): PeerConnectionFactory: PeerConnectionFactory was initialized 
without an injected Loggable. Any existing Loggable will be deleted.
09-15 14:02:21.747 I/org.webrtc.Logging(13813): WebRtcAudioManagerExternal: Sample rate is set to 48000 Hz
09-15 14:02:21.748 I/org.webrtc.Logging(13813): WebRtcAudioManagerExternal: Sample rate is set to 48000 Hz
09-15 14:02:21.753 I/org.webrtc.Logging(13813): JavaAudioDeviceModule: createAudioDeviceModule
09-15 14:02:21.753 I/org.webrtc.Logging(13813): JavaAudioDeviceModule: HW NS will not be used.
09-15 14:02:21.753 I/org.webrtc.Logging(13813): JavaAudioDeviceModule: HW AEC will not be used.
09-15 14:02:21.760 I/org.webrtc.Logging(13813): WebRtcAudioEffectsExternal: ctor@[name=main, id=2]
09-15 14:02:21.760 I/org.webrtc.Logging(13813): WebRtcAudioRecordExternal: ctor@[name=main, id=2]
09-15 14:02:21.769 I/org.webrtc.Logging(13813): WebRtcAudioTrackExternal: ctor@[name=main, id=2]
09-15 14:02:21.769 I/System.out(13813): DEBUG: WebRTCService - JavaAudioDeviceModule created for emulator 
compatibility
09-15 14:02:21.802 I/org.webrtc.Logging(13813): EglBase14Impl: Using OpenGL ES version 2
09-15 14:02:22.090 I/System.out(13813): DEBUG: WebRTCService - PeerConnectionFactory created: true
09-15 14:02:22.094 I/System.out(13813): DEBUG: WebRTCService - setupAudioManager(), AudioManager initialized
09-15 14:02:22.094 I/org.webrtc.Logging(13813): PeerConnectionFactory: onNetworkThreadReady
09-15 14:02:22.094 I/System.out(13813): DEBUG: WebRTCService - setupCameraExecutor(), Camera executor initialized
09-15 14:02:22.096 I/System.out(13813): DEBUG: WebRTCService - Fetching TURN credentials...
09-15 14:02:22.104 I/org.webrtc.Logging(13813): PeerConnectionFactory: onSignalingThreadReady
09-15 14:02:22.108 I/org.webrtc.Logging(13813): PeerConnectionFactory: onWorkerThreadReady
09-15 14:02:22.108 I/System.out(13813): DEBUG: WebRTCService - TURN credentials fetched successfully
09-15 14:02:22.108 I/System.out(13813): DEBUG: WebRTCService - Updated ICE servers: 9 servers
09-15 14:02:34.993 I/System.out(13813): DEBUG: ChatViewModel - initiateCall repository success, setting up WebRTC
09-15 14:02:34.993 I/System.out(13813): DEBUG: WebRTCService - createPeerConnection() called, isVideoCall: false
09-15 14:02:34.993 I/System.out(13813): DEBUG: WebRTCService - immediatelyActivateAudio() called
09-15 14:02:35.014 I/System.out(13813): DEBUG: WebRTCService - Requesting audio focus...
09-15 14:02:35.024 I/MediaFocusControl( 2311): requestAudioFocus() from uid/pid 10222/13813 
AA=USAGE_VOICE_COMMUNICATION/CONTENT_TYPE_SPEECH clientId=android.media.AudioManager@786ccf8com.fitnessss.fitlife.da
ta.service.WebRTCService$$ExternalSyntheticLambda1@6a905d1 callingPack=com.fitnessss.fitlife req=2 flags=0x0 sdk=36
09-15 14:02:35.026 I/System.out(13813): DEBUG: WebRTCService - requestAudioFocus result: 1 (GRANTED)
09-15 14:02:35.433 I/System.out(13813): DEBUG: WebRTCService - Audio configuration complete - mode: 3, mic mute: 
false, speaker: true
09-15 14:02:35.457 I/System.out(13813): DEBUG: WebRTCService - Audio hardware info - available devices: 1, music 
active: false
09-15 14:02:35.460 I/System.out(13813): DEBUG: WebRTCService - Audio immediately activated: mode=3, micMute=false, 
speaker=true
09-15 14:02:35.468 I/System.out(13813): DEBUG: WebRTCService - RTCConfiguration iceTransportsType set to ALL for 
connectivity
09-15 14:02:35.506 I/org.webrtc.Logging(13813): NetworkMonitor: Start monitoring with native observer 
127689347036112 fieldTrialsString: 
09-15 14:02:35.551 W/org.webrtc.Logging(13813): NetworkMonitorAutoDetect: Unable to obtain permission to request a 
cellular network.
09-15 14:02:35.560 I/org.webrtc.Logging(13813): NetworkMonitorAutoDetect: Network becomes available: 100
09-15 14:02:35.569 I/org.webrtc.Logging(13813): NetworkMonitorAutoDetect: capabilities changed: [ Transports: WIFI 
Capabilities: NOT_METERED&INTERNET&NOT_RESTRICTED&TRUSTED&NOT_VPN&VALIDATED&NOT_ROAMING&FOREGROUND&NOT_CONGESTED&NOT
_SUSPENDED&NOT_VCN_MANAGED&NOT_BANDWIDTH_CONSTRAINED LinkUpBandwidth>=12000Kbps LinkDnBandwidth>=30000Kbps 
TransportInfo: <SSID: <unknown ssid>, BSSID: 02:00:00:00:00:00, MAC: 02:00:00:00:00:00, IP: /10.0.2.16, Security 
type: 0, Supplicant state: COMPLETED, Wi-Fi standard: legacy, RSSI: -50, Link speed: 1Mbps, Tx Link speed: 1Mbps, 
Max Supported Tx Link speed: 11Mbps, Rx Link speed: 2Mbps, Max Supported Rx Link speed: 11Mbps, Frequency: 2447MHz, 
Net ID: -1, Metered hint: false, score: 60, isUsable: true, CarrierMerged: false, SubscriptionId: -1, IsPrimary: 
-1, Trusted: true, Restricted: false, Ephemeral: false, OEM paid: false, OEM private: false, OSU AP: false, FQDN: 
<none>, Provider friendly name: <none>, Requesting package name: <none><none>MLO Information: , Is TID-To-Link 
negotiation supported by the AP: false, AP MLD Address: <none>, AP MLO Link Id: <none>, AP MLO Affiliated links: 
<none>, Vendor Data: <none>> SignalStrength: -50 UnderlyingNetworks: Null]
09-15 14:02:35.574 I/org.webrtc.Logging(13813): NetworkMonitorAutoDetect: link properties changed
09-15 14:02:35.586 I/System.out(13813): DEBUG: WebRTCService - onRenegotiationNeeded
09-15 14:02:35.599 I/System.out(13813): DEBUG: WebRTCService - Added audio transceiver with SEND_RECV
09-15 14:02:35.604 I/System.out(13813): DEBUG: WebRTCService - createAudioTrack() with constraints: mandatory: 
[googEchoCancellation: true, googNoiseSuppression: true, googAutoGainControl: true, googHighpassFilter: true, 
googAudioMirroring: false, googCpuOveruseDetection: false, googDsp: false], optional: [googTypingNoiseDetection: 
true, googAgcGain: 0, googAgcTargetDbov: 3, googAudioMirroring: false, googNoiseReduction: true]
09-15 14:02:35.620 I/System.out(13813): DEBUG: WebRTCService - Audio track created: true
09-15 14:02:35.621 I/System.out(13813): DEBUG: WebRTCService - Audio track enabled: true
09-15 14:02:35.626 I/System.out(13813): DEBUG: WebRTCService - Audio track kind: audio
09-15 14:02:35.630 I/System.out(13813): DEBUG: WebRTCService - Audio track id: audio_track
09-15 14:02:35.632 I/System.out(13813): DEBUG: WebRTCService - Audio source state: LIVE
09-15 14:02:35.662 I/System.out(13813): DEBUG: WebRTCService - addTrack returned sender is null? false
09-15 14:02:35.662 I/System.out(13813): DEBUG: WebRTCService - Audio track successfully added to peer connection
09-15 14:02:35.662 I/System.out(13813): DEBUG: WebRTCService - Sender track: audio_track
09-15 14:02:35.669 I/System.out(13813): DEBUG: WebRTCService - Sender parameters: org.webrtc.RtpParameters@c224310
09-15 14:02:35.669 I/System.out(13813): DEBUG: WebRTCService - Activating call audio mode...
09-15 14:02:35.681 I/System.out(13813): DEBUG: WebRTCService - Audio mode set to: 3
09-15 14:02:35.681 I/System.out(13813): DEBUG: WebRTCService - Audio focus already held; skipping request
09-15 14:02:35.715 I/System.out(13813): DEBUG: WebRTCService - Set STREAM_VOICE_CALL volume to max: 15
09-15 14:02:35.715 I/System.out(13813): DEBUG: WebRTCService - Call audio mode activated
09-15 14:02:35.728 I/System.out(13813): DEBUG: WebRTCService - Current audio settings: mode=3, speaker=true, 
micMute=false
09-15 14:02:35.728 I/System.out(13813): DEBUG: WebRTCService - PeerConnection created: true
09-15 14:02:35.728 I/System.out(13813): DEBUG: ChatViewModel - createPeerConnection success, creating offer
09-15 14:02:35.734 I/System.out(13813): DEBUG: WebRTCService - ensurePeerAndLocalAudio() called
09-15 14:02:35.740 I/System.out(13813): DEBUG: WebRTCService - Peer state: PC=NEW ICE=NEW
09-15 14:02:35.751 I/System.out(13813): DEBUG: WebRTCService - Sender: kind=audio enabled=true id=audio_track
09-15 14:02:35.754 D/WebRTCService(13813): ensureMicrophoneAccess() called
09-15 14:02:35.796 I/System.out(13813): DEBUG: WebRTCService - Audio focus already held; skipping request
09-15 14:02:35.803 D/WebRTCService(13813): Local audio track enabled: true
09-15 14:02:35.820 I/WebRTCService(13813): Microphone access ensured - Mode: 3, Mic muted: false
09-15 14:02:35.820 I/System.out(13813): DEBUG: WebRTCService - createOffer() with constraints: mandatory: 
[OfferToReceiveAudio: true, OfferToReceiveVideo: false], optional: [], isVideoCall: false
09-15 14:02:35.849 I/System.out(13813): DEBUG: WebRTCService - onSignalingChange: HAVE_LOCAL_OFFER
09-15 14:02:35.866 I/System.out(13813): DEBUG: WebRTCService - createOffer() result: OFFER length=1427
09-15 14:02:35.869 I/System.out(13813): DEBUG: CallRepository - updateSignalingData: setting callerSdp for session 
mb4xPllEkgKQzwRPSZb3
09-15 14:02:35.878 I/System.out(13813): DEBUG: WebRTCService - onIceGatheringChange: GATHERING
09-15 14:02:35.878 I/System.out(13813): DEBUG: WebRTCService - onIceCandidate: 0:0
09-15 14:02:35.879 I/System.out(13813): DEBUG: WebRTCService - onIceCandidate: 0:0
09-15 14:02:35.893 I/System.out(13813): DEBUG: WebRTCService - onIceCandidate: 0:0
09-15 14:02:35.896 I/System.out(13813): DEBUG: WebRTCService - onIceCandidate: 0:0
09-15 14:02:35.898 I/System.out(13813): DEBUG: WebRTCService - onIceCandidate: 0:0
09-15 14:02:35.899 I/System.out(13813): DEBUG: WebRTCService - onIceCandidate: 0:0
09-15 14:02:35.900 I/System.out(13813): DEBUG: WebRTCService - onIceCandidate: 0:0
09-15 14:02:35.901 I/System.out(13813): DEBUG: WebRTCService - onIceCandidate: 0:0
09-15 14:02:35.902 I/System.out(13813): DEBUG: WebRTCService - onIceCandidate: 0:0
09-15 14:02:35.905 I/System.out(13813): DEBUG: WebRTCService - onIceCandidate: 0:0
09-15 14:02:35.907 I/System.out(13813): DEBUG: WebRTCService - onIceCandidate: 0:0
09-15 14:02:35.965 I/System.out(13813): DEBUG: CallViewModel - connectionState: NEW
09-15 14:02:36.102 I/System.out(13813): DEBUG: CallViewModel - listenForCallSession update: INITIATING
09-15 14:02:36.102 I/System.out(13813): DEBUG: CallViewModel - handleCallSessionUpdate: status=INITIATING, 
callerSdp=true, receiverSdp=false
09-15 14:02:36.486 I/System.out(13813): DEBUG: CallViewModel - listenForCallSession update: RINGING
09-15 14:02:36.487 I/System.out(13813): DEBUG: CallViewModel - handleCallSessionUpdate: status=RINGING, 
callerSdp=true, receiverSdp=false
09-15 14:02:46.191 I/System.out(13813): DEBUG: CallViewModel - listenForCallSession update: ENDED
09-15 14:02:46.191 I/System.out(13813): DEBUG: CallViewModel - handleCallSessionUpdate: status=ENDED, 
callerSdp=true, receiverSdp=false
09-15 14:02:46.192 I/System.out(13813): DEBUG: CallViewModel - handleCallSessionUpdate: call finished with ENDED
09-15 14:02:46.193 I/System.out(13813): DEBUG: WebRTCService - Camera2 capture stopped
09-15 14:02:46.201 I/System.out(13813): DEBUG: WebRTCService - onIceConnectionChange: CLOSED
09-15 14:02:46.202 I/System.out(13813): DEBUG: WebRTCService - ICE FAILED/DISCONNECTED: CLOSED
09-15 14:02:46.202 I/System.out(13813): DEBUG: WebRTCService - onConnectionChange: CLOSED
09-15 14:02:46.205 I/System.out(13813): DEBUG: CallViewModel - onConnectionStateChanged CLOSED
09-15 14:02:46.205 I/System.out(13813): DEBUG: WebRTCService - onSignalingChange: CLOSED
09-15 14:02:46.212 I/org.webrtc.Logging(13813): NetworkMonitor: Stop monitoring with native observer 127689347036112
09-15 14:02:46.212 I/org.webrtc.Logging(13813): NetworkMonitorAutoDetect: Unregister network callback
09-15 14:02:46.220 I/MediaFocusControl( 2311): abandonAudioFocus() from uid/pid 10222/13813 clientId=android.media.A
udioManager@786ccf8com.fitnessss.fitlife.data.service.WebRTCService$$ExternalSyntheticLambda1@6a905d1 
callingPack=com.fitnessss.fitlife
09-15 14:02:46.234 I/System.out(13813): DEBUG: WebRTCService - disconnect() completed
09-15 14:02:46.289 I/System.out(13813): DEBUG: CallViewModel - connectionState: CLOSED
09-15 14:02:50.444 I/System.out(13813): DEBUG: ChatViewModel - initiateCall repository success, setting up WebRTC
09-15 14:02:50.444 I/System.out(13813): DEBUG: WebRTCService - createPeerConnection() called, isVideoCall: false
09-15 14:02:50.444 I/System.out(13813): DEBUG: WebRTCService - immediatelyActivateAudio() called
09-15 14:02:50.451 I/System.out(13813): DEBUG: WebRTCService - Requesting audio focus...
09-15 14:02:50.453 I/MediaFocusControl( 2311): requestAudioFocus() from uid/pid 10222/13813 
AA=USAGE_VOICE_COMMUNICATION/CONTENT_TYPE_SPEECH clientId=android.media.AudioManager@786ccf8com.fitnessss.fitlife.da
ta.service.WebRTCService$$ExternalSyntheticLambda1@d2cb0e9 callingPack=com.fitnessss.fitlife req=2 flags=0x0 sdk=36
09-15 14:02:50.455 I/System.out(13813): DEBUG: WebRTCService - requestAudioFocus result: 1 (GRANTED)
09-15 14:02:50.800 I/System.out(13813): DEBUG: WebRTCService - Audio configuration complete - mode: 3, mic mute: 
false, speaker: true
09-15 14:02:50.812 I/System.out(13813): DEBUG: WebRTCService - Audio hardware info - available devices: 1, music 
active: false
09-15 14:02:50.817 I/System.out(13813): DEBUG: WebRTCService - Audio immediately activated: mode=3, micMute=false, 
speaker=true
09-15 14:02:50.817 I/System.out(13813): DEBUG: WebRTCService - RTCConfiguration iceTransportsType set to ALL for 
connectivity
09-15 14:02:50.821 I/org.webrtc.Logging(13813): NetworkMonitor: Start monitoring with native observer 
127689347036112 fieldTrialsString: 
09-15 14:02:50.826 W/org.webrtc.Logging(13813): NetworkMonitorAutoDetect: Unable to obtain permission to request a 
cellular network.
09-15 14:02:50.831 I/org.webrtc.Logging(13813): NetworkMonitorAutoDetect: Network becomes available: 100
09-15 14:02:50.837 I/org.webrtc.Logging(13813): NetworkMonitorAutoDetect: capabilities changed: [ Transports: WIFI 
Capabilities: NOT_METERED&INTERNET&NOT_RESTRICTED&TRUSTED&NOT_VPN&VALIDATED&NOT_ROAMING&FOREGROUND&NOT_CONGESTED&NOT
_SUSPENDED&NOT_VCN_MANAGED&NOT_BANDWIDTH_CONSTRAINED LinkUpBandwidth>=12000Kbps LinkDnBandwidth>=30000Kbps 
TransportInfo: <SSID: <unknown ssid>, BSSID: 02:00:00:00:00:00, MAC: 02:00:00:00:00:00, IP: /10.0.2.16, Security 
type: 0, Supplicant state: COMPLETED, Wi-Fi standard: legacy, RSSI: -50, Link speed: 1Mbps, Tx Link speed: 1Mbps, 
Max Supported Tx Link speed: 11Mbps, Rx Link speed: 2Mbps, Max Supported Rx Link speed: 11Mbps, Frequency: 2447MHz, 
Net ID: -1, Metered hint: false, score: 60, isUsable: true, CarrierMerged: false, SubscriptionId: -1, IsPrimary: 
-1, Trusted: true, Restricted: false, Ephemeral: false, OEM paid: false, OEM private: false, OSU AP: false, FQDN: 
<none>, Provider friendly name: <none>, Requesting package name: <none><none>MLO Information: , Is TID-To-Link 
negotiation supported by the AP: false, AP MLD Address: <none>, AP MLO Link Id: <none>, AP MLO Affiliated links: 
<none>, Vendor Data: <none>> SignalStrength: -50 UnderlyingNetworks: Null]
09-15 14:02:50.841 I/org.webrtc.Logging(13813): NetworkMonitorAutoDetect: link properties changed
09-15 14:02:50.844 I/System.out(13813): DEBUG: WebRTCService - onRenegotiationNeeded
09-15 14:02:50.849 I/System.out(13813): DEBUG: WebRTCService - Added audio transceiver with SEND_RECV
09-15 14:02:50.849 I/System.out(13813): DEBUG: WebRTCService - createAudioTrack() with constraints: mandatory: 
[googEchoCancellation: true, googNoiseSuppression: true, googAutoGainControl: true, googHighpassFilter: true, 
googAudioMirroring: false, googCpuOveruseDetection: false, googDsp: false], optional: [googTypingNoiseDetection: 
true, googAgcGain: 0, googAgcTargetDbov: 3, googAudioMirroring: false, googNoiseReduction: true]
09-15 14:02:50.854 I/System.out(13813): DEBUG: WebRTCService - Audio track created: true
09-15 14:02:50.856 I/System.out(13813): DEBUG: WebRTCService - Audio track enabled: true
09-15 14:02:50.856 I/System.out(13813): DEBUG: WebRTCService - Audio track kind: audio
09-15 14:02:50.856 I/System.out(13813): DEBUG: WebRTCService - Audio track id: audio_track
09-15 14:02:50.856 I/System.out(13813): DEBUG: WebRTCService - Audio source state: LIVE
09-15 14:02:50.863 I/System.out(13813): DEBUG: WebRTCService - addTrack returned sender is null? false
09-15 14:02:50.864 I/System.out(13813): DEBUG: WebRTCService - Audio track successfully added to peer connection
09-15 14:02:50.864 I/System.out(13813): DEBUG: WebRTCService - Sender track: audio_track
09-15 14:02:50.872 I/System.out(13813): DEBUG: WebRTCService - Sender parameters: org.webrtc.RtpParameters@30ed00f
09-15 14:02:50.872 I/System.out(13813): DEBUG: WebRTCService - Activating call audio mode...
09-15 14:02:50.875 I/System.out(13813): DEBUG: WebRTCService - Audio mode set to: 3
09-15 14:02:50.875 I/System.out(13813): DEBUG: WebRTCService - Audio focus already held; skipping request
09-15 14:02:50.880 I/System.out(13813): DEBUG: WebRTCService - Set STREAM_VOICE_CALL volume to max: 15
09-15 14:02:50.880 I/System.out(13813): DEBUG: WebRTCService - Call audio mode activated
09-15 14:02:50.885 I/System.out(13813): DEBUG: WebRTCService - Current audio settings: mode=3, speaker=true, 
micMute=false
09-15 14:02:50.885 I/System.out(13813): DEBUG: WebRTCService - PeerConnection created: true
09-15 14:02:50.885 I/System.out(13813): DEBUG: ChatViewModel - createPeerConnection success, creating offer
09-15 14:02:50.893 I/System.out(13813): DEBUG: WebRTCService - ensurePeerAndLocalAudio() called
09-15 14:02:50.893 I/System.out(13813): DEBUG: WebRTCService - Peer state: PC=NEW ICE=NEW
09-15 14:02:50.907 I/System.out(13813): DEBUG: WebRTCService - Sender: kind=audio enabled=true id=audio_track
09-15 14:02:50.907 D/WebRTCService(13813): ensureMicrophoneAccess() called
09-15 14:02:50.939 I/System.out(13813): DEBUG: WebRTCService - Audio focus already held; skipping request
09-15 14:02:50.950 D/WebRTCService(13813): Local audio track enabled: true
09-15 14:02:50.960 I/WebRTCService(13813): Microphone access ensured - Mode: 3, Mic muted: false
09-15 14:02:50.963 I/System.out(13813): DEBUG: WebRTCService - createOffer() with constraints: mandatory: 
[OfferToReceiveAudio: true, OfferToReceiveVideo: false], optional: [], isVideoCall: false
09-15 14:02:50.999 I/System.out(13813): DEBUG: WebRTCService - onSignalingChange: HAVE_LOCAL_OFFER
09-15 14:02:51.017 I/System.out(13813): DEBUG: WebRTCService - onIceGatheringChange: GATHERING
09-15 14:02:51.020 I/System.out(13813): DEBUG: WebRTCService - onIceCandidate: 0:0
09-15 14:02:51.021 I/System.out(13813): DEBUG: CallViewModel - onIceCandidateFound 0:0
09-15 14:02:51.031 I/System.out(13813): DEBUG: WebRTCService - createOffer() result: OFFER length=1427
09-15 14:02:51.033 I/System.out(13813): DEBUG: CallRepository - updateSignalingData: setting callerSdp for session 
jqpTYLeqFbB9cvQo3btE
09-15 14:02:51.045 I/System.out(13813): DEBUG: WebRTCService - onIceCandidate: 0:0
09-15 14:02:51.048 I/System.out(13813): DEBUG: CallViewModel - onIceCandidateFound 0:0
09-15 14:02:51.049 I/System.out(13813): DEBUG: WebRTCService - onIceCandidate: 0:0
09-15 14:02:51.049 I/System.out(13813): DEBUG: CallViewModel - onIceCandidateFound 0:0
09-15 14:02:51.049 I/System.out(13813): DEBUG: WebRTCService - onIceCandidate: 0:0
09-15 14:02:51.049 I/System.out(13813): DEBUG: CallViewModel - onIceCandidateFound 0:0
09-15 14:02:51.050 I/System.out(13813): DEBUG: WebRTCService - onIceCandidate: 0:0
09-15 14:02:51.050 I/System.out(13813): DEBUG: CallViewModel - onIceCandidateFound 0:0
09-15 14:02:51.050 I/System.out(13813): DEBUG: WebRTCService - onIceCandidate: 0:0
09-15 14:02:51.050 I/System.out(13813): DEBUG: CallViewModel - onIceCandidateFound 0:0
09-15 14:02:51.050 I/System.out(13813): DEBUG: WebRTCService - onIceCandidate: 0:0
09-15 14:02:51.050 I/System.out(13813): DEBUG: CallViewModel - onIceCandidateFound 0:0
09-15 14:02:51.050 I/System.out(13813): DEBUG: WebRTCService - onIceCandidate: 0:0
09-15 14:02:51.050 I/System.out(13813): DEBUG: CallViewModel - onIceCandidateFound 0:0
09-15 14:02:51.051 I/System.out(13813): DEBUG: WebRTCService - onIceCandidate: 0:0
09-15 14:02:51.051 I/System.out(13813): DEBUG: CallViewModel - onIceCandidateFound 0:0
09-15 14:02:51.062 I/System.out(13813): DEBUG: WebRTCService - onIceCandidate: 0:0
09-15 14:02:51.063 I/System.out(13813): DEBUG: CallViewModel - onIceCandidateFound 0:0
09-15 14:02:51.074 I/System.out(13813): DEBUG: WebRTCService - onIceCandidate: 0:0
09-15 14:02:51.074 I/System.out(13813): DEBUG: CallViewModel - onIceCandidateFound 0:0
09-15 14:02:51.142 I/System.out(13813): DEBUG: CallViewModel - connectionState: CLOSED
09-15 14:02:51.288 I/System.out(13813): DEBUG: CallViewModel - listenForCallSession update: INITIATING
09-15 14:02:51.288 I/System.out(13813): DEBUG: CallViewModel - handleCallSessionUpdate: status=INITIATING, 
callerSdp=true, receiverSdp=false
