
09-15 13:22:34.404 D/AudioTrackImpl(16317): [audioTrackData][fine] 45s(f:45005 m:0 s:0 k:0 z:0) : pid 16317 uid 
10224 sessionId 36513 sr 48000 ch 2 fmt 1 maxAmplitude 255
09-15 13:22:35.309 D/ArtChoreographerMonitor( 4537): invoke error.
09-15 13:22:35.479 D/ArtChoreographerMonitor( 4537): invoke error.
09-15 13:22:36.318 D/ArtChoreographerMonitor( 4537): invoke error.
09-15 13:22:36.489 D/ArtChoreographerMonitor( 4537): invoke error.
09-15 13:22:39.407 D/AudioTrackImpl(16317): [audioTrackData][fine] 50s(f:50008 m:0 s:0 k:0 z:0) : pid 16317 uid 
10224 sessionId 36513 sr 48000 ch 2 fmt 1 maxAmplitude 255
09-15 13:22:42.441 D/ArtChoreographerMonitor( 4537): invoke error.
09-15 13:22:42.611 D/ArtChoreographerMonitor( 4537): invoke error.
09-15 13:22:43.456 D/ArtChoreographerMonitor( 4537): invoke error.
09-15 13:22:43.624 D/ArtChoreographerMonitor( 4537): invoke error.
09-15 13:22:44.400 D/AudioTrackImpl(16317): [audioTrackData][fine] 55s(f:55001 m:0 s:0 k:0 z:0) : pid 16317 uid 
10224 sessionId 36513 sr 48000 ch 2 fmt 1 maxAmplitude 255
09-15 13:22:46.446 D/ArtChoreographerMonitor( 4537): invoke error.
09-15 13:22:46.614 D/ArtChoreographerMonitor( 4537): invoke error.
09-15 13:22:47.298 D/ArtChoreographerMonitor( 4537): invoke error.
09-15 13:22:47.538 D/ArtChoreographerMonitor( 4537): invoke error.
09-15 13:22:49.403 D/AudioTrackImpl(16317): [audioTrackData][fine] 60s(f:60004 m:0 s:0 k:0 z:0) : pid 16317 uid 
10224 sessionId 36513 sr 48000 ch 2 fmt 1 maxAmplitude 255
09-15 13:22:49.430 D/ArtChoreographerMonitor( 4537): invoke error.
09-15 13:22:49.628 D/ArtChoreographerMonitor( 4537): invoke error.
09-15 13:22:50.685 D/ArtChoreographerMonitor( 4537): invoke error.
09-15 13:22:50.854 D/ArtChoreographerMonitor( 4537): invoke error.
09-15 13:22:51.465 D/ArtChoreographerMonitor( 4537): invoke error.
09-15 13:22:51.750 D/ArtChoreographerMonitor( 4537): invoke error.
09-15 13:22:53.853 D/ArtChoreographerMonitor( 4537): invoke error.
09-15 13:22:54.052 D/ArtChoreographerMonitor( 4537): invoke error.
09-15 13:22:54.411 D/AudioTrackImpl(16317): [audioTrackData][fine] 5s(f:5007 m:0 s:0 k:0 z:0) : pid 16317 uid 10224 
sessionId 36513 sr 48000 ch 2 fmt 1 maxAmplitude 255
09-15 13:22:55.368 D/ArtChoreographerMonitor( 4537): invoke error.
09-15 13:22:55.583 D/ArtChoreographerMonitor( 4537): invoke error.
09-15 13:22:55.615 D/ArtChoreographerMonitor( 4537): invoke error.
09-15 13:22:55.785 D/ArtChoreographerMonitor( 4537): invoke error.
09-15 13:22:57.915 D/ArtChoreographerMonitor( 4537): invoke error.
09-15 13:22:58.112 D/ArtChoreographerMonitor( 4537): invoke error.
09-15 13:22:59.407 D/AudioTrackImpl(16317): [audioTrackData][fine] 10s(f:10004 m:0 s:0 k:0 z:0) : pid 16317 uid 
10224 sessionId 36513 sr 48000 ch 2 fmt 1 maxAmplitude 254
09-15 13:22:59.960 D/ArtChoreographerMonitor( 4537): invoke error.
09-15 13:23:00.189 D/ArtChoreographerMonitor( 4537): invoke error.
09-15 13:23:00.506 D/ArtChoreographerMonitor( 4537): invoke error.
09-15 13:23:00.690 D/ArtChoreographerMonitor( 4537): invoke error.
09-15 13:23:02.815 D/ArtChoreographerMonitor( 4537): invoke error.
09-15 13:23:03.011 D/ArtChoreographerMonitor( 4537): invoke error.
09-15 13:23:04.405 D/AudioTrackImpl(16317): [audioTrackData][fine] 15s(f:15002 m:0 s:0 k:0 z:0) : pid 16317 uid 
10224 sessionId 36513 sr 48000 ch 2 fmt 1 maxAmplitude 255
09-15 13:23:04.852 D/ArtChoreographerMonitor( 4537): invoke error.
09-15 13:23:05.020 D/ArtChoreographerMonitor( 4537): invoke error.
09-15 13:23:05.673 D/ArtChoreographerMonitor( 4537): invoke error.
09-15 13:23:05.864 D/ArtChoreographerMonitor( 4537): invoke error.
09-15 13:23:06.086 I/System.out(19569): DEBUG: CallViewModel - connectionState: CLOSED
09-15 13:23:06.122 I/System.out(19569): DEBUG: CallViewModel - listenForCallSession update: INITIATING
09-15 13:23:06.122 I/System.out(19569): DEBUG: CallViewModel - handleCallSessionUpdate: status=INITIATING, 
callerSdp=false, receiverSdp=false
09-15 13:23:06.137 D/ArtChoreographerMonitor( 4537): invoke error.
09-15 13:23:06.618 I/System.out(19569): DEBUG: CallViewModel - listenForCallSession update: INITIATING
09-15 13:23:06.618 I/System.out(19569): DEBUG: CallViewModel - handleCallSessionUpdate: status=INITIATING, 
callerSdp=false, receiverSdp=false
09-15 13:23:06.814 D/ArtChoreographerMonitor( 4537): invoke error.
09-15 13:23:07.140 D/AudioTrackStub( 2765): AudioTrackStub() create
09-15 13:23:07.141 I/AudioTrackImpl( 2765): initAudioTrackImpl()
09-15 13:23:07.143 D/AudioTrack( 2765): set(): (sessionId=38017), mcallback is 0, streamType 2, sampleRate 48000, 
format 0x1, channelMask 0x3, frameCount 24000, flags 0x1, notificationFrames 0,transferType 0, 
mClientAttributionSource AttributionSourceState{pid: 19569, uid: 10426, deviceId: 0, packageName: 
com.fitnessss.fitlife, attributionTag: (null), token: binder:0xb40000768c817c30, renouncedPermissions: [], next: []}
09-15 13:23:07.167 I/AudioTrackImpl( 2765): before scaleVolumeForVideo L:1.000000 R:1.000000 and the pakage is 
com.fitnessss.fitlife
09-15 13:23:07.168 I/AudioTrack( 2765): AudioTrack::setVolume L:1.000000 R:1.000000 sessionid=38017
09-15 13:23:07.168 D/AudioTrackImpl( 2765): setMediaSetMute(7891): Parameter media_set_track_muted is 0 return
09-15 13:23:07.170 I/AudioTrackImpl( 2765): before scaleVolumeForVideo L:1.000000 R:1.000000 and the pakage is 
com.fitnessss.fitlife
09-15 13:23:07.170 I/AudioTrack( 2765): AudioTrack::setVolume L:1.000000 R:1.000000 sessionid=38017
09-15 13:23:07.170 D/AudioTrackImpl( 2765): setMediaSetMute(7891): Parameter media_set_track_muted is 0 return
09-15 13:23:07.170 I/AudioTrack( 2765): start(7891): prior state:STATE_STOPPED packageName: com.fitnessss.fitlife
09-15 13:23:07.268 D/ArtChoreographerMonitor( 4537): invoke error.
09-15 13:23:07.356 D/AlertCoordinator( 4537): onViewBound, buzzBeep for 0|com.fitnessss.fitlife|1001|null|10426
09-15 13:23:07.442 D/MiuiShortcut-ShortcutPluginImpl( 4537): onSystemUIAction, action: onBottomAreaAlphaChange, 
newConfig=1.0
09-15 13:23:07.458 D/AudioTrackImpl( 2765): [APM]-AT reScheduleCpu() cpuSet=248 tid=22100
09-15 13:23:07.458 D/AudioTrackImpl( 2765): [APM]-AT reScheduleCpu() cpuSet=248 tid=22100
09-15 13:23:07.509 I/System.out(19569): DEBUG: CallViewModel - listenForCallSession update: INITIATING
09-15 13:23:07.509 I/System.out(19569): DEBUG: CallViewModel - handleCallSessionUpdate: status=INITIATING, 
callerSdp=true, receiverSdp=false
09-15 13:23:08.000 I/System.out(19569): DEBUG: CallViewModel - listenForCallSession update: RINGING
09-15 13:23:08.000 I/System.out(19569): DEBUG: CallViewModel - handleCallSessionUpdate: status=RINGING, 
callerSdp=true, receiverSdp=false
09-15 13:23:08.000 D/ArtChoreographerMonitor( 4537): invoke error.
09-15 13:23:08.309 I/System.out(19569): DEBUG: CallViewModel - answerCall() called for session: 
8gvPc4gWAAIJEPHedALu, isVideoCall: false
09-15 13:23:08.311 I/AudioTrack( 2765): pause(sessionID=38017) pause(7891): prior state:STATE_ACTIVE packageName: 
com.fitnessss.fitlife
09-15 13:23:08.321 I/AudioTrack( 2765): pause(sessionID=38017) pause(7891): prior state:STATE_PAUSED packageName: 
com.fitnessss.fitlife
09-15 13:23:08.322 I/AudioTrack( 2765): stop(sessionID=38017), packageName: com.fitnessss.fitlife
09-15 13:23:08.322 D/AudioTrack( 2765): stop(7891): prior state:STATE_FLUSHED
09-15 13:23:08.336 D/ArtChoreographerMonitor( 4537): invoke error.
09-15 13:23:08.343 I/AudioTrack( 2765): stop(sessionID=38017), packageName: com.fitnessss.fitlife
09-15 13:23:08.343 D/AudioTrack( 2765): stop(7891): prior state:STATE_FLUSHED
09-15 13:23:08.343 D/AudioTrack( 2765): ~AudioTrack(sessionID=38017)
09-15 13:23:08.343 I/AudioTrack( 2765): stop(sessionID=38017), packageName: com.fitnessss.fitlife
09-15 13:23:08.343 D/AudioTrack( 2765): stop(7891): prior state:STATE_FLUSHED
09-15 13:23:08.344 D/AudioTrackStub( 2765): ~AudioTrackStub() destroy
09-15 13:23:08.358 I/System.out(19569): DEBUG: CallViewModel - listenForCallSession update: CONNECTING
09-15 13:23:08.358 I/System.out(19569): DEBUG: CallViewModel - handleCallSessionUpdate: status=CONNECTING, 
callerSdp=true, receiverSdp=false
09-15 13:23:08.359 I/System.out(19569): DEBUG: CallViewModel - handleCallSessionUpdate: CONNECTING status, SDP 
processing handled in answerCall()
09-15 13:23:08.756 D/MiuiShortcut-ShortcutPluginImpl( 4537): onSystemUIAction, action: onBottomAreaAlphaChange, 
newConfig=1.0
09-15 13:23:08.853 D/ShortcutIcon( 4189): setMessage textnull
09-15 13:23:08.931 D/ArtChoreographerMonitor( 4537): invoke error.
09-15 13:23:09.129 I/System.out(19569): DEBUG: CallViewModel - answerCall repository success, status updated to 
CONNECTING
09-15 13:23:09.129 I/System.out(19569): DEBUG: WebRTCService - createPeerConnection() called, isVideoCall: false
09-15 13:23:09.129 I/System.out(19569): DEBUG: WebRTCService - immediatelyActivateAudio() called
09-15 13:23:09.150 I/System.out(19569): DEBUG: WebRTCService - Requesting audio focus...
09-15 13:23:09.151 I/MediaFocusControl( 2344): requestAudioFocus() from uid/pid 10426/19569 
AA=USAGE_VOICE_COMMUNICATION/CONTENT_TYPE_SPEECH clientId=android.media.AudioManager@c2f23e2com.fitnessss.fitlife.da
ta.service.WebRTCService$$ExternalSyntheticLambda1@4e5aeea callingPack=com.fitnessss.fitlife req=2 flags=0x0 sdk=36
09-15 13:23:09.156 I/System.out(19569): DEBUG: WebRTCService - requestAudioFocus result: 1 (GRANTED)
09-15 13:23:09.156 I/AudioTrack(16317): pause(sessionID=36513) pause(7890): prior state:STATE_ACTIVE packageName: 
com.google.android.youtube
09-15 13:23:09.862 I/BTAudioSessionAidl( 1555): ReportControlStatus - status=SUCCESS for 
SessionType=A2DP_HARDWARE_OFFLOAD_ENCODING_DATAPATH, bluetooth_audio=0x0200 suspended
09-15 13:23:09.918 D/ArtChoreographerMonitor( 4537): invoke error.
09-15 13:23:10.089 D/ArtChoreographerMonitor( 4537): invoke error.
09-15 13:23:10.130 D/ArtChoreographerMonitor( 4537): invoke error.
09-15 13:23:10.248 D/AudioTrackImpl(16317): [audioTrackData][fine] 20s(f:20845 m:0 s:0 k:0 z:0) : pid 16317 uid 
10224 sessionId 36513 sr 48000 ch 2 fmt 1 maxAmplitude 255
09-15 13:23:10.298 D/ArtChoreographerMonitor( 4537): invoke error.
09-15 13:23:10.521 D/ArtChoreographerMonitor( 4537): invoke error.
09-15 13:23:10.643 I/System.out(19569): DEBUG: WebRTCService - Audio configuration complete - mode: 3, mic mute: 
false, speaker: true
09-15 13:23:10.646 I/System.out(19569): DEBUG: WebRTCService - Audio hardware info - available devices: 3, music 
active: false
09-15 13:23:10.648 I/System.out(19569): DEBUG: WebRTCService - Audio immediately activated: mode=3, micMute=false, 
speaker=true
09-15 13:23:10.648 I/System.out(19569): DEBUG: WebRTCService - RTCConfiguration iceTransportsType set to ALL for 
connectivity
09-15 13:23:10.653 I/System.out(19569): DEBUG: WebRTCService - createAudioTrack() with constraints: mandatory: 
[googEchoCancellation: true, googNoiseSuppression: true, googAutoGainControl: true, googHighpassFilter: true, 
googAudioMirroring: false, googCpuOveruseDetection: false, googDsp: false], optional: [googTypingNoiseDetection: 
true, googAgcGain: 0, googAgcTargetDbov: 3, googAudioMirroring: false, googNoiseReduction: true]
09-15 13:23:10.653 I/System.out(19569): DEBUG: WebRTCService - Audio track created: true
09-15 13:23:10.653 I/System.out(19569): DEBUG: WebRTCService - Audio track enabled: true
09-15 13:23:10.653 I/System.out(19569): DEBUG: WebRTCService - Audio track kind: audio
09-15 13:23:10.653 I/System.out(19569): DEBUG: WebRTCService - Audio track id: audio_track
09-15 13:23:10.653 I/System.out(19569): DEBUG: WebRTCService - Audio source state: LIVE
09-15 13:23:10.653 I/System.out(19569): DEBUG: WebRTCService - onRenegotiationNeeded
09-15 13:23:10.654 I/System.out(19569): DEBUG: WebRTCService - addTrack returned sender is null? false
09-15 13:23:10.654 I/System.out(19569): DEBUG: WebRTCService - Audio track successfully added to peer connection
09-15 13:23:10.654 I/System.out(19569): DEBUG: WebRTCService - Sender track: audio_track
09-15 13:23:10.654 I/System.out(19569): DEBUG: WebRTCService - Sender parameters: org.webrtc.RtpParameters@412f5db
09-15 13:23:10.654 I/System.out(19569): DEBUG: WebRTCService - Activating call audio mode...
09-15 13:23:10.655 I/System.out(19569): DEBUG: WebRTCService - Audio mode set to: 3
09-15 13:23:10.655 I/System.out(19569): DEBUG: WebRTCService - Audio focus already held; skipping request
09-15 13:23:10.684 I/System.out(19569): DEBUG: WebRTCService - Set STREAM_VOICE_CALL volume to max: 11
09-15 13:23:10.684 I/System.out(19569): DEBUG: WebRTCService - Call audio mode activated
09-15 13:23:10.686 I/System.out(19569): DEBUG: WebRTCService - Current audio settings: mode=3, speaker=true, 
micMute=false
09-15 13:23:10.686 I/System.out(19569): DEBUG: WebRTCService - PeerConnection created: true
09-15 13:23:10.686 I/System.out(19569): DEBUG: CallViewModel - answerCall: peer created, processing callerSdp
09-15 13:23:10.686 I/System.out(19569): DEBUG: CallViewModel - answerCall: processing existing callerSdp
09-15 13:23:10.686 I/System.out(19569): DEBUG: WebRTCService - setRemoteDescription: OFFER length=1377
09-15 13:23:10.687 I/System.out(19569): DEBUG: WebRTCService - onSignalingChange: HAVE_REMOTE_OFFER
09-15 13:23:10.688 I/System.out(19569): DEBUG: WebRTCService - onTrack: MEDIA_TYPE_AUDIO
09-15 13:23:10.688 I/System.out(19569): DEBUG: WebRTCService - Received remote audio track
09-15 13:23:10.690 I/System.out(19569): DEBUG: WebRTCService - Audio routing: mode=3, speaker=true, micMute=false
09-15 13:23:10.691 I/System.out(19569): DEBUG: WebRTCService - onAddStream: 1 audio tracks, 0 video tracks
09-15 13:23:10.691 I/System.out(19569): DEBUG: WebRTCService - setRemoteDescription success
09-15 13:23:10.691 I/System.out(19569): DEBUG: WebRTCService - ensurePeerAndLocalAudio() called
09-15 13:23:10.691 I/System.out(19569): DEBUG: WebRTCService - Peer state: PC=NEW ICE=NEW
09-15 13:23:10.692 I/System.out(19569): DEBUG: WebRTCService - Sender: kind=audio enabled=true id=audio_track
09-15 13:23:10.692 D/WebRTCService(19569): ensureMicrophoneAccess() called
09-15 13:23:10.696 I/System.out(19569): DEBUG: WebRTCService - Audio focus already held; skipping request
09-15 13:23:10.696 D/WebRTCService(19569): Local audio track enabled: true
09-15 13:23:10.704 I/WebRTCService(19569): Microphone access ensured - Mode: 3, Mic muted: false
09-15 13:23:10.704 I/System.out(19569): DEBUG: WebRTCService - createAnswer() with constraints: mandatory: 
[OfferToReceiveAudio: true, OfferToReceiveVideo: false], optional: [], isVideoCall: false
09-15 13:23:10.704 I/System.out(19569): DEBUG: WebRTCService - createAnswer() starting with constraints: mandatory: 
[OfferToReceiveAudio: true, OfferToReceiveVideo: false], optional: []
09-15 13:23:10.705 I/System.out(19569): DEBUG: WebRTCService - createAnswer() success: ANSWER length=1332
09-15 13:23:10.706 I/System.out(19569): DEBUG: WebRTCService - onSignalingChange: STABLE
09-15 13:23:10.707 I/org.webrtc.Logging(19569): WebRtcAudioTrackExternal: initPlayout(sampleRate=48000, channels=1, 
bufferSizeFactor=1.0)
09-15 13:23:10.707 I/org.webrtc.Logging(19569): WebRtcAudioTrackExternal: byteBuffer.capacity: 960
09-15 13:23:10.711 I/org.webrtc.Logging(19569): WebRtcAudioTrackExternal: minBufferSizeInBytes: 7688
09-15 13:23:10.711 I/org.webrtc.Logging(19569): WebRtcAudioTrackExternal: createAudioTrackBeforeOreo
09-15 13:23:10.713 I/org.webrtc.Logging(19569): WebRtcAudioTrackExternal: nativeOutputSampleRate: 48000
09-15 13:23:10.714 D/AudioTrackStub(19569): AudioTrackStub() create
09-15 13:23:10.714 I/AudioTrackImpl(19569): initAudioTrackImpl()
09-15 13:23:10.714 D/AudioTrack(19569): set(): (sessionId=0), mcallback is 1, streamType -1, sampleRate 48000, 
format 0x1, channelMask 0x1, frameCount 3844, flags 0, notificationFrames 0,transferType 3, 
mClientAttributionSource AttributionSourceState{pid: 19569, uid: 10426, deviceId: 0, packageName: 
com.fitnessss.fitlife, attributionTag: (null), token: binder:0xb400007dcda312f0, renouncedPermissions: [], next: []}
09-15 13:23:10.743 D/AudioTrackImpl(19569): [APM]-AT reScheduleCpu() cpuSet=248 tid=22156
09-15 13:23:10.746 I/org.webrtc.Logging(19569): WebRtcAudioTrackExternal: AudioTrack: session ID: 38025, channels: 
1, sample rate: 48000, max gain: 1.0
09-15 13:23:10.746 I/org.webrtc.Logging(19569): WebRtcAudioTrackExternal: AudioTrack: buffer size in frames: 3844
09-15 13:23:10.746 I/org.webrtc.Logging(19569): WebRtcAudioTrackExternal: AudioTrack: buffer capacity in frames: 
3844
09-15 13:23:10.746 I/org.webrtc.Logging(19569): VolumeLogger: start@[name=worker_thread - 20986, id=29432]
09-15 13:23:10.746 I/org.webrtc.Logging(19569): VolumeLogger: audio mode is: MODE_IN_COMMUNICATION
09-15 13:23:10.747 I/org.webrtc.Logging(19569): WebRtcAudioTrackExternal: startPlayout
09-15 13:23:10.750 I/AudioTrack(19569): start(7893): prior state:STATE_STOPPED packageName: com.fitnessss.fitlife
09-15 13:23:10.754 I/org.webrtc.Logging(19569): VolumeLogger: VOICE_CALL stream volume: 11 (max=11)
09-15 13:23:10.801 D/AudioTrackImpl(19569): [APM]-AT reScheduleCpu() cpuSet=248 tid=20986
09-15 13:23:10.803 I/org.webrtc.Logging(19569): WebRtcAudioTrackExternal: 
AudioTrackThread@[name=AudioTrackJavaThread, id=29455]
09-15 13:23:10.803 I/org.webrtc.Logging(19569): WebRtcAudioTrackExternal: doAudioTrackStateCallback: 0
09-15 13:23:10.803 I/WebRTCService(19569): Audio playback started - speaker is active
09-15 13:23:10.803 D/AudioTrackImpl(19569): [APM]-AT reScheduleCpu() cpuSet=248 tid=22160
09-15 13:23:10.804 I/org.webrtc.Logging(19569): NetworkMonitor: Start monitoring with native observer 
-5476376605487306864 fieldTrialsString: 
09-15 13:23:10.807 W/org.webrtc.Logging(19569): NetworkMonitorAutoDetect: Unable to obtain permission to request a 
cellular network.
09-15 13:23:10.811 I/org.webrtc.Logging(19569): NetworkMonitorAutoDetect: Network becomes available: 204
09-15 13:23:10.812 I/org.webrtc.Logging(19569): NetworkMonitorAutoDetect: capabilities changed: [ Transports: 
CELLULAR Capabilities: INTERNET&NOT_RESTRICTED&TRUSTED&NOT_VPN&VALIDATED&NOT_ROAMING&FOREGROUND&NOT_CONGESTED&NOT_SU
SPENDED&NOT_VCN_MANAGED&NOT_BANDWIDTH_CONSTRAINED LinkUpBandwidth>=11627Kbps LinkDnBandwidth>=62723Kbps Specifier: 
<TelephonyNetworkSpecifier [mSubId = 2]> SubscriptionIds: {2} UnderlyingNetworks: Null]
09-15 13:23:10.812 I/System.out(19569): DEBUG: WebRTCService - onIceGatheringChange: GATHERING
09-15 13:23:10.813 I/System.out(19569): DEBUG: WebRTCService - createAnswer() result: ANSWER length=1332
09-15 13:23:10.813 I/System.out(19569): DEBUG: CallViewModel - answerCall: answer created: type=ANSWER length=1332
09-15 13:23:10.813 I/System.out(19569): DEBUG: CallRepository - updateSignalingData: setting receiverSdp for 
session 8gvPc4gWAAIJEPHedALu
09-15 13:23:10.816 I/org.webrtc.Logging(19569): NetworkMonitorAutoDetect: link properties changed
09-15 13:23:10.822 I/System.out(19569): DEBUG: WebRTCService - onIceCandidate: 0:0
09-15 13:23:10.822 I/System.out(19569): DEBUG: CallViewModel - onIceCandidateFound 0:0
09-15 13:23:10.823 I/System.out(19569): DEBUG: WebRTCService - onIceCandidate: 0:0
09-15 13:23:10.823 I/System.out(19569): DEBUG: CallViewModel - onIceCandidateFound 0:0
09-15 13:23:10.823 I/System.out(19569): DEBUG: WebRTCService - onIceCandidate: 0:0
09-15 13:23:10.823 I/System.out(19569): DEBUG: CallViewModel - onIceCandidateFound 0:0
09-15 13:23:10.825 I/System.out(19569): DEBUG: WebRTCService - onIceCandidate: 0:0
09-15 13:23:10.825 I/System.out(19569): DEBUG: CallViewModel - onIceCandidateFound 0:0
09-15 13:23:10.833 I/System.out(19569): DEBUG: CallViewModel - listenForCallSession update: CONNECTING
09-15 13:23:10.833 I/System.out(19569): DEBUG: CallViewModel - handleCallSessionUpdate: status=CONNECTING, 
callerSdp=true, receiverSdp=true
09-15 13:23:10.833 I/System.out(19569): DEBUG: CallViewModel - handleCallSessionUpdate: CONNECTING status, SDP 
processing handled in answerCall()
09-15 13:23:10.833 I/System.out(19569): DEBUG: CallViewModel - handleCallSessionUpdate: receiverSdp received
09-15 13:23:10.833 I/System.out(19569): DEBUG: WebRTCService - setRemoteDescription: ANSWER length=1332
09-15 13:23:10.834 I/System.out(19569): DEBUG: WebRTCService - setRemoteDescription success
09-15 13:23:10.847 I/System.out(19569): DEBUG: CallViewModel - listenForCallSession update: CONNECTING
09-15 13:23:10.847 I/System.out(19569): DEBUG: CallViewModel - handleCallSessionUpdate: status=CONNECTING, 
callerSdp=true, receiverSdp=true
09-15 13:23:10.848 I/System.out(19569): DEBUG: CallViewModel - handleCallSessionUpdate: CONNECTING status, SDP 
processing handled in answerCall()
09-15 13:23:10.848 I/System.out(19569): DEBUG: CallViewModel - new ICE candidates: 1
09-15 13:23:10.848 I/System.out(19569): DEBUG: WebRTCService - addIceCandidate: 0:0
09-15 13:23:10.848 I/System.out(19569): DEBUG: WebRTCService - onConnectionChange: CONNECTING
09-15 13:23:10.848 I/System.out(19569): DEBUG: CallViewModel - onConnectionStateChanged CONNECTING
09-15 13:23:10.848 I/System.out(19569): DEBUG: WebRTCService - onIceConnectionChange: CHECKING
09-15 13:23:10.849 I/System.out(19569): DEBUG: CallViewModel - connectionState: CONNECTING
09-15 13:23:10.866 I/System.out(19569): DEBUG: CallViewModel - listenForCallSession update: CONNECTING
09-15 13:23:10.866 I/System.out(19569): DEBUG: CallViewModel - handleCallSessionUpdate: status=CONNECTING, 
callerSdp=true, receiverSdp=true
09-15 13:23:10.866 I/System.out(19569): DEBUG: CallViewModel - handleCallSessionUpdate: CONNECTING status, SDP 
processing handled in answerCall()
09-15 13:23:10.866 I/System.out(19569): DEBUG: CallViewModel - new ICE candidates: 1
09-15 13:23:10.867 I/System.out(19569): DEBUG: WebRTCService - addIceCandidate: 0:0
09-15 13:23:10.872 I/System.out(19569): DEBUG: CallViewModel - listenForCallSession update: CONNECTING
09-15 13:23:10.872 I/System.out(19569): DEBUG: CallViewModel - handleCallSessionUpdate: status=CONNECTING, 
callerSdp=true, receiverSdp=true
09-15 13:23:10.872 I/System.out(19569): DEBUG: CallViewModel - handleCallSessionUpdate: CONNECTING status, SDP 
processing handled in answerCall()
09-15 13:23:10.873 I/System.out(19569): DEBUG: CallViewModel - new ICE candidates: 1
09-15 13:23:10.873 I/System.out(19569): DEBUG: WebRTCService - addIceCandidate: 0:0
09-15 13:23:10.881 I/System.out(19569): DEBUG: CallViewModel - listenForCallSession update: CONNECTING
09-15 13:23:10.882 I/System.out(19569): DEBUG: CallViewModel - handleCallSessionUpdate: status=CONNECTING, 
callerSdp=true, receiverSdp=true
09-15 13:23:10.882 I/System.out(19569): DEBUG: CallViewModel - handleCallSessionUpdate: CONNECTING status, SDP 
processing handled in answerCall()
09-15 13:23:10.882 I/System.out(19569): DEBUG: CallViewModel - new ICE candidates: 1
09-15 13:23:10.882 I/System.out(19569): DEBUG: WebRTCService - addIceCandidate: 0:0
09-15 13:23:10.887 I/System.out(19569): DEBUG: CallViewModel - listenForCallSession update: CONNECTED
09-15 13:23:10.887 I/System.out(19569): DEBUG: CallViewModel - handleCallSessionUpdate: status=CONNECTED, 
callerSdp=true, receiverSdp=true
09-15 13:23:10.887 I/System.out(19569): DEBUG: CallViewModel - handleCallSessionUpdate: call connected successfully
09-15 13:23:10.887 I/System.out(19569): DEBUG: WebRTCService - ensureAudioTrackEnabled() called
09-15 13:23:10.887 I/System.out(19569): DEBUG: WebRTCService - Local audio track state: enabled=true, kind=audio
09-15 13:23:10.893 I/System.out(19569): DEBUG: WebRTCService - Audio manager state: mode=3, micMute=false, 
speaker=true
09-15 13:23:10.893 I/System.out(19569): DEBUG: WebRTCService - Audio Setup State Check:
09-15 13:23:10.893 I/System.out(19569):   - PeerConnectionFactory: true
09-15 13:23:10.893 I/System.out(19569):   - PeerConnection: true
09-15 13:23:10.893 I/System.out(19569):   - LocalAudioTrack: true (enabled: true)
09-15 13:23:10.893 I/System.out(19569):   - HasActivePeerConnection: true
09-15 13:23:10.897 I/System.out(19569): DEBUG: WebRTCService - onCallConnected() - ensuring audio is fully activated
09-15 13:23:10.897 I/System.out(19569): DEBUG: WebRTCService - ensurePeerAndLocalAudio() called
09-15 13:23:10.897 I/System.out(19569): DEBUG: WebRTCService - Peer state: PC=CONNECTING ICE=CHECKING
09-15 13:23:10.898 I/System.out(19569): DEBUG: WebRTCService - Sender: kind=audio enabled=true id=audio_track
09-15 13:23:10.898 D/WebRTCService(19569): ensureMicrophoneAccess() called
09-15 13:23:10.902 I/System.out(19569): DEBUG: WebRTCService - Audio focus already held; skipping request
09-15 13:23:10.902 D/WebRTCService(19569): Local audio track enabled: true
09-15 13:23:10.902 I/System.out(19569): DEBUG: WebRTCService - onIceCandidate: 0:0
09-15 13:23:10.902 I/System.out(19569): DEBUG: CallViewModel - onIceCandidateFound 0:0
09-15 13:23:10.906 I/WebRTCService(19569): Microphone access ensured - Mode: 3, Mic muted: false
09-15 13:23:10.906 I/System.out(19569): DEBUG: WebRTCService - ensureAudioTrackEnabled() called
09-15 13:23:10.906 I/System.out(19569): DEBUG: WebRTCService - Local audio track state: enabled=true, kind=audio
09-15 13:23:10.911 I/System.out(19569): DEBUG: WebRTCService - Audio manager state: mode=3, micMute=false, 
speaker=true
09-15 13:23:10.911 I/System.out(19569): DEBUG: WebRTCService - Audio Setup State Check:
09-15 13:23:10.911 I/System.out(19569):   - PeerConnectionFactory: true
09-15 13:23:10.911 I/System.out(19569):   - PeerConnection: true
09-15 13:23:10.911 I/System.out(19569):   - LocalAudioTrack: true (enabled: true)
09-15 13:23:10.911 I/System.out(19569):   - HasActivePeerConnection: true
09-15 13:23:10.914 I/System.out(19569): DEBUG: WebRTCService - forceAudioRecordingStart() called
09-15 13:23:10.922 I/System.out(19569): DEBUG: WebRTCService - Forced audio recording: mode=3, micMute=false
09-15 13:23:10.922 I/System.out(19569): DEBUG: WebRTCService - Local audio track enabled: true
09-15 13:23:10.922 I/System.out(19569): DEBUG: WebRTCService - Audio Setup State Check:
09-15 13:23:10.922 I/System.out(19569):   - PeerConnectionFactory: true
09-15 13:23:10.922 I/System.out(19569):   - PeerConnection: true
09-15 13:23:10.922 I/System.out(19569):   - LocalAudioTrack: true (enabled: true)
09-15 13:23:10.922 I/System.out(19569):   - HasActivePeerConnection: true
09-15 13:23:10.924 I/System.out(19569): DEBUG: WebRTCService - onIceCandidate: 0:0
09-15 13:23:10.924 I/System.out(19569): DEBUG: CallViewModel - onIceCandidateFound 0:0
09-15 13:23:10.966 I/System.out(19569): DEBUG: CallViewModel - listenForCallSession update: CONNECTED
09-15 13:23:10.966 I/System.out(19569): DEBUG: CallViewModel - handleCallSessionUpdate: status=CONNECTED, 
callerSdp=true, receiverSdp=true
09-15 13:23:10.966 I/System.out(19569): DEBUG: CallViewModel - handleCallSessionUpdate: call connected successfully
09-15 13:23:10.966 I/System.out(19569): DEBUG: WebRTCService - ensureAudioTrackEnabled() called
09-15 13:23:10.966 I/System.out(19569): DEBUG: WebRTCService - Local audio track state: enabled=true, kind=audio
09-15 13:23:10.969 I/System.out(19569): DEBUG: WebRTCService - Audio manager state: mode=3, micMute=false, 
speaker=true
09-15 13:23:10.969 I/System.out(19569): DEBUG: WebRTCService - Audio Setup State Check:
09-15 13:23:10.969 I/System.out(19569):   - PeerConnectionFactory: true
09-15 13:23:10.969 I/System.out(19569):   - PeerConnection: true
09-15 13:23:10.969 I/System.out(19569):   - LocalAudioTrack: true (enabled: true)
09-15 13:23:10.969 I/System.out(19569):   - HasActivePeerConnection: true
09-15 13:23:10.970 I/System.out(19569): DEBUG: WebRTCService - onCallConnected() - ensuring audio is fully activated
09-15 13:23:10.970 I/System.out(19569): DEBUG: WebRTCService - ensurePeerAndLocalAudio() called
09-15 13:23:10.970 I/System.out(19569): DEBUG: WebRTCService - Peer state: PC=CONNECTING ICE=CHECKING
09-15 13:23:10.970 I/System.out(19569): DEBUG: WebRTCService - Sender: kind=audio enabled=true id=audio_track
09-15 13:23:10.970 D/WebRTCService(19569): ensureMicrophoneAccess() called
09-15 13:23:10.972 I/System.out(19569): DEBUG: WebRTCService - Audio focus already held; skipping request
09-15 13:23:10.972 D/WebRTCService(19569): Local audio track enabled: true
09-15 13:23:10.976 I/WebRTCService(19569): Microphone access ensured - Mode: 3, Mic muted: false
09-15 13:23:10.976 I/System.out(19569): DEBUG: WebRTCService - ensureAudioTrackEnabled() called
09-15 13:23:10.976 I/System.out(19569): DEBUG: WebRTCService - Local audio track state: enabled=true, kind=audio
09-15 13:23:10.982 I/System.out(19569): DEBUG: WebRTCService - Audio manager state: mode=3, micMute=false, 
speaker=true
09-15 13:23:10.982 I/System.out(19569): DEBUG: WebRTCService - Audio Setup State Check:
09-15 13:23:10.982 I/System.out(19569):   - PeerConnectionFactory: true
09-15 13:23:10.982 I/System.out(19569):   - PeerConnection: true
09-15 13:23:10.983 I/System.out(19569):   - LocalAudioTrack: true (enabled: true)
09-15 13:23:10.983 I/System.out(19569):   - HasActivePeerConnection: true
09-15 13:23:10.986 I/System.out(19569): DEBUG: WebRTCService - forceAudioRecordingStart() called
09-15 13:23:10.993 I/System.out(19569): DEBUG: WebRTCService - Forced audio recording: mode=3, micMute=false
09-15 13:23:10.993 I/System.out(19569): DEBUG: WebRTCService - Local audio track enabled: true
09-15 13:23:10.993 I/System.out(19569): DEBUG: WebRTCService - Audio Setup State Check:
09-15 13:23:10.993 I/System.out(19569):   - PeerConnectionFactory: true
09-15 13:23:10.993 I/System.out(19569):   - PeerConnection: true
09-15 13:23:10.994 I/System.out(19569):   - LocalAudioTrack: true (enabled: true)
09-15 13:23:10.994 I/System.out(19569):   - HasActivePeerConnection: true
09-15 13:23:11.000 I/System.out(19569): DEBUG: CallViewModel - new ICE candidates: 1
09-15 13:23:11.000 I/System.out(19569): DEBUG: WebRTCService - addIceCandidate: 0:0
09-15 13:23:11.005 I/System.out(19569): DEBUG: CallViewModel - listenForCallSession update: CONNECTED
09-15 13:23:11.005 I/System.out(19569): DEBUG: CallViewModel - handleCallSessionUpdate: status=CONNECTED, 
callerSdp=true, receiverSdp=true
09-15 13:23:11.005 I/System.out(19569): DEBUG: CallViewModel - handleCallSessionUpdate: call connected successfully
09-15 13:23:11.005 I/System.out(19569): DEBUG: WebRTCService - ensureAudioTrackEnabled() called
09-15 13:23:11.006 I/System.out(19569): DEBUG: WebRTCService - Local audio track state: enabled=true, kind=audio
09-15 13:23:11.010 I/System.out(19569): DEBUG: WebRTCService - Audio manager state: mode=3, micMute=false, 
speaker=true
09-15 13:23:11.010 I/System.out(19569): DEBUG: WebRTCService - Audio Setup State Check:
09-15 13:23:11.011 I/System.out(19569):   - PeerConnectionFactory: true
09-15 13:23:11.011 I/System.out(19569):   - PeerConnection: true
09-15 13:23:11.011 I/System.out(19569):   - LocalAudioTrack: true (enabled: true)
09-15 13:23:11.011 I/System.out(19569):   - HasActivePeerConnection: true
09-15 13:23:11.014 I/System.out(19569): DEBUG: WebRTCService - onCallConnected() - ensuring audio is fully activated
09-15 13:23:11.014 I/System.out(19569): DEBUG: WebRTCService - ensurePeerAndLocalAudio() called
09-15 13:23:11.014 I/System.out(19569): DEBUG: WebRTCService - Peer state: PC=CONNECTING ICE=CHECKING
09-15 13:23:11.014 I/System.out(19569): DEBUG: WebRTCService - Sender: kind=audio enabled=true id=audio_track
09-15 13:23:11.014 D/WebRTCService(19569): ensureMicrophoneAccess() called
09-15 13:23:11.018 I/System.out(19569): DEBUG: WebRTCService - Audio focus already held; skipping request
09-15 13:23:11.018 D/WebRTCService(19569): Local audio track enabled: true
09-15 13:23:11.024 I/WebRTCService(19569): Microphone access ensured - Mode: 3, Mic muted: false
09-15 13:23:11.024 I/System.out(19569): DEBUG: WebRTCService - ensureAudioTrackEnabled() called
09-15 13:23:11.024 I/System.out(19569): DEBUG: WebRTCService - Local audio track state: enabled=true, kind=audio
09-15 13:23:11.029 I/System.out(19569): DEBUG: WebRTCService - Audio manager state: mode=3, micMute=false, 
speaker=true
09-15 13:23:11.029 I/System.out(19569): DEBUG: WebRTCService - Audio Setup State Check:
09-15 13:23:11.029 I/System.out(19569):   - PeerConnectionFactory: true
09-15 13:23:11.029 I/System.out(19569):   - PeerConnection: true
09-15 13:23:11.030 I/System.out(19569):   - LocalAudioTrack: true (enabled: true)
09-15 13:23:11.030 I/System.out(19569):   - HasActivePeerConnection: true
09-15 13:23:11.034 I/System.out(19569): DEBUG: WebRTCService - forceAudioRecordingStart() called
09-15 13:23:11.043 I/System.out(19569): DEBUG: WebRTCService - Forced audio recording: mode=3, micMute=false
09-15 13:23:11.043 I/System.out(19569): DEBUG: WebRTCService - Local audio track enabled: true
09-15 13:23:11.043 I/System.out(19569): DEBUG: WebRTCService - Audio Setup State Check:
09-15 13:23:11.043 I/System.out(19569):   - PeerConnectionFactory: true
09-15 13:23:11.043 I/System.out(19569):   - PeerConnection: true
09-15 13:23:11.044 I/System.out(19569):   - LocalAudioTrack: true (enabled: true)
09-15 13:23:11.044 I/System.out(19569):   - HasActivePeerConnection: true
09-15 13:23:11.050 I/System.out(19569): DEBUG: CallViewModel - new ICE candidates: 1
09-15 13:23:11.050 I/System.out(19569): DEBUG: WebRTCService - addIceCandidate: 0:0
09-15 13:23:11.203 D/AlertCoordinator( 4537): onViewBound, buzzBeep for 0|com.fitnessss.fitlife|1002|null|10426
09-15 13:23:11.268 I/System.out(19569): DEBUG: CallViewModel - pushed ICE candidates: 1
09-15 13:23:11.271 D/AlertCoordinator( 4537): onViewBound, buzzBeep for 0|com.fitnessss.fitlife|1002|null|10426
09-15 13:23:11.307 D/AlertCoordinator( 4537): onViewBound, buzzBeep for 0|com.fitnessss.fitlife|1002|null|10426
09-15 13:23:11.331 I/System.out(19569): DEBUG: CallViewModel - pushed ICE candidates: 1
09-15 13:23:11.374 I/System.out(19569): DEBUG: CallViewModel - pushed ICE candidates: 1
09-15 13:23:11.404 I/System.out(19569): DEBUG: CallViewModel - pushed ICE candidates: 1
09-15 13:23:11.459 I/System.out(19569): DEBUG: CallViewModel - pushed ICE candidates: 5
09-15 13:23:11.510 I/System.out(19569): DEBUG: CallViewModel - pushed ICE candidates: 5
09-15 13:23:11.661 D/ArtChoreographerMonitor( 4537): invoke error.
09-15 13:23:11.844 D/AudioTrackImpl(19569): [audioTrackData][zero] 1s(f:0 m:0 s:0 k:0 z:1041) : pid 19569 uid 10426 
sessionId 38025 sr 48000 ch 1 fmt 1
09-15 13:23:11.968 I/System.out(19569): DEBUG: CallViewModel - listenForCallSession update: CONNECTED
09-15 13:23:11.968 I/System.out(19569): DEBUG: CallViewModel - handleCallSessionUpdate: status=CONNECTED, 
callerSdp=true, receiverSdp=true
09-15 13:23:11.968 I/System.out(19569): DEBUG: CallViewModel - handleCallSessionUpdate: call connected successfully
09-15 13:23:11.968 I/System.out(19569): DEBUG: WebRTCService - ensureAudioTrackEnabled() called
09-15 13:23:11.969 I/System.out(19569): DEBUG: WebRTCService - Local audio track state: enabled=true, kind=audio
09-15 13:23:11.978 I/System.out(19569): DEBUG: WebRTCService - Audio manager state: mode=3, micMute=false, 
speaker=true
09-15 13:23:11.978 I/System.out(19569): DEBUG: WebRTCService - Audio Setup State Check:
09-15 13:23:11.978 I/System.out(19569):   - PeerConnectionFactory: true
09-15 13:23:11.978 I/System.out(19569):   - PeerConnection: true
09-15 13:23:11.978 I/System.out(19569):   - LocalAudioTrack: true (enabled: true)
09-15 13:23:11.978 I/System.out(19569):   - HasActivePeerConnection: true
09-15 13:23:11.984 I/System.out(19569): DEBUG: WebRTCService - onCallConnected() - ensuring audio is fully activated
09-15 13:23:11.984 I/System.out(19569): DEBUG: WebRTCService - ensurePeerAndLocalAudio() called
09-15 13:23:11.985 I/System.out(19569): DEBUG: WebRTCService - Peer state: PC=CONNECTING ICE=CHECKING
09-15 13:23:11.985 I/System.out(19569): DEBUG: WebRTCService - Sender: kind=audio enabled=true id=audio_track
09-15 13:23:11.985 D/WebRTCService(19569): ensureMicrophoneAccess() called
09-15 13:23:11.990 I/System.out(19569): DEBUG: WebRTCService - Audio focus already held; skipping request
09-15 13:23:11.991 D/WebRTCService(19569): Local audio track enabled: true
09-15 13:23:11.996 I/WebRTCService(19569): Microphone access ensured - Mode: 3, Mic muted: false
09-15 13:23:11.996 I/System.out(19569): DEBUG: WebRTCService - ensureAudioTrackEnabled() called
09-15 13:23:11.996 I/System.out(19569): DEBUG: WebRTCService - Local audio track state: enabled=true, kind=audio
09-15 13:23:12.003 I/System.out(19569): DEBUG: WebRTCService - Audio manager state: mode=3, micMute=false, 
speaker=true
09-15 13:23:12.003 I/System.out(19569): DEBUG: WebRTCService - Audio Setup State Check:
09-15 13:23:12.003 I/System.out(19569):   - PeerConnectionFactory: true
09-15 13:23:12.003 I/System.out(19569):   - PeerConnection: true
09-15 13:23:12.003 I/System.out(19569):   - LocalAudioTrack: true (enabled: true)
09-15 13:23:12.003 I/System.out(19569):   - HasActivePeerConnection: true
09-15 13:23:12.007 I/System.out(19569): DEBUG: WebRTCService - forceAudioRecordingStart() called
09-15 13:23:12.016 I/System.out(19569): DEBUG: WebRTCService - Forced audio recording: mode=3, micMute=false
09-15 13:23:12.016 I/System.out(19569): DEBUG: WebRTCService - Local audio track enabled: true
09-15 13:23:12.016 I/System.out(19569): DEBUG: WebRTCService - Audio Setup State Check:
09-15 13:23:12.016 I/System.out(19569):   - PeerConnectionFactory: true
09-15 13:23:12.016 I/System.out(19569):   - PeerConnection: true
09-15 13:23:12.017 I/System.out(19569):   - LocalAudioTrack: true (enabled: true)
09-15 13:23:12.017 I/System.out(19569):   - HasActivePeerConnection: true
09-15 13:23:12.259 D/ArtChoreographerMonitor( 4537): invoke error.
09-15 13:23:12.291 D/AlertCoordinator( 4537): onViewBound, buzzBeep for 0|com.fitnessss.fitlife|1002|null|10426
09-15 13:23:12.462 D/ArtChoreographerMonitor( 4537): invoke error.
09-15 13:23:12.804 D/AudioTrackImpl(19569): [audioTrackData][zero] 2s(f:0 m:0 s:0 k:0 z:2000) : pid 19569 uid 10426 
sessionId 38025 sr 48000 ch 1 fmt 1
09-15 13:23:13.825 D/AudioTrackImpl(19569): [audioTrackData][zero] 3s(f:0 m:0 s:0 k:0 z:3021) : pid 19569 uid 10426 
sessionId 38025 sr 48000 ch 1 fmt 1
09-15 13:23:13.925 D/ArtChoreographerMonitor( 4537): invoke error.
09-15 13:23:14.117 D/ArtChoreographerMonitor( 4537): invoke error.
09-15 13:23:14.122 I/vendor.xiaomi.hardware.micharge-service( 1756): ReadFilePathValue path = 
/sys/class/qcom-battery/real_type value = SDP
09-15 13:23:14.123 E/IMiCharge(30837): MiCharge method 4 val = SDP
09-15 13:23:14.124 I/IMiChargeUtils(30837): getIMiChargeStringValue method:getBatteryChargeType,value:SDP
09-15 13:23:14.124 I/IMiChargeUtils(30837): getBatteryChargeType : SDP
09-15 13:23:14.124 I/ChargeTimeUtilsV2(30837): chargeType:SDP
09-15 13:23:14.845 D/AudioTrackImpl(19569): [audioTrackData][zero] 4s(f:0 m:0 s:0 k:0 z:4041) : pid 19569 uid 10426 
sessionId 38025 sr 48000 ch 1 fmt 1
09-15 13:23:15.254 D/AudioTrackImpl(16317): [audioTrackData][fine] 25s(f:25851 m:0 s:0 k:0 z:0) : pid 16317 uid 
10224 sessionId 36513 sr 48000 ch 2 fmt 1 maxAmplitude 255
09-15 13:23:15.805 D/AudioTrackImpl(19569): [audioTrackData][zero] 5s(f:0 m:0 s:0 k:0 z:5001) : pid 19569 uid 10426 
sessionId 38025 sr 48000 ch 1 fmt 1
09-15 13:23:15.896 D/ArtChoreographerMonitor( 4537): invoke error.
09-15 13:23:16.128 D/ArtChoreographerMonitor( 4537): invoke error.
09-15 13:23:16.824 D/AudioTrackImpl(19569): [audioTrackData][zero] 6s(f:0 m:0 s:0 k:0 z:6021) : pid 19569 uid 10426 
sessionId 38025 sr 48000 ch 1 fmt 1
09-15 13:23:17.844 D/AudioTrackImpl(19569): [audioTrackData][zero] 7s(f:0 m:0 s:0 k:0 z:7041) : pid 19569 uid 10426 
sessionId 38025 sr 48000 ch 1 fmt 1
09-15 13:23:18.233 D/ArtChoreographerMonitor( 4537): invoke error.
09-15 13:23:18.426 D/ArtChoreographerMonitor( 4537): invoke error.
09-15 13:23:18.805 D/AudioTrackImpl(19569): [audioTrackData][zero] 8s(f:0 m:0 s:0 k:0 z:8001) : pid 19569 uid 10426 
sessionId 38025 sr 48000 ch 1 fmt 1
09-15 13:23:19.824 D/AudioTrackImpl(19569): [audioTrackData][zero] 9s(f:0 m:0 s:0 k:0 z:9021) : pid 19569 uid 10426 
sessionId 38025 sr 48000 ch 1 fmt 1
09-15 13:23:20.262 D/AudioTrackImpl(16317): [audioTrackData][fine] 30s(f:30859 m:0 s:0 k:0 z:0) : pid 16317 uid 
10224 sessionId 36513 sr 48000 ch 2 fmt 1 maxAmplitude 255
09-15 13:23:20.278 D/ArtChoreographerMonitor( 4537): invoke error.
09-15 13:23:20.447 D/ArtChoreographerMonitor( 4537): invoke error.
09-15 13:23:20.844 D/AudioTrackImpl(19569): [audioTrackData][zero] 10s(f:0 m:0 s:0 k:0 z:10041) : pid 19569 uid 
10426 sessionId 38025 sr 48000 ch 1 fmt 1
09-15 13:23:21.027 D/ArtChoreographerMonitor( 4537): invoke error.
09-15 13:23:21.220 D/ArtChoreographerMonitor( 4537): invoke error.
09-15 13:23:21.804 D/AudioTrackImpl(19569): [audioTrackData][zero] 11s(f:0 m:0 s:0 k:0 z:11001) : pid 19569 uid 
10426 sessionId 38025 sr 48000 ch 1 fmt 1
09-15 13:23:22.825 D/AudioTrackImpl(19569): [audioTrackData][zero] 12s(f:0 m:0 s:0 k:0 z:12021) : pid 19569 uid 
10426 sessionId 38025 sr 48000 ch 1 fmt 1
09-15 13:23:23.844 D/AudioTrackImpl(19569): [audioTrackData][zero] 13s(f:0 m:0 s:0 k:0 z:13041) : pid 19569 uid 
10426 sessionId 38025 sr 48000 ch 1 fmt 1
09-15 13:23:24.347 I/System.out(19569): DEBUG: CallViewModel - listenForCallSession update: ENDED
09-15 13:23:24.348 I/System.out(19569): DEBUG: CallViewModel - handleCallSessionUpdate: status=ENDED, 
callerSdp=true, receiverSdp=true
09-15 13:23:24.348 I/System.out(19569): DEBUG: CallViewModel - handleCallSessionUpdate: call finished with ENDED
09-15 13:23:24.348 I/System.out(19569): DEBUG: WebRTCService - Camera2 capture stopped
09-15 13:23:24.352 I/System.out(19569): DEBUG: WebRTCService - onIceConnectionChange: CLOSED
09-15 13:23:24.352 I/System.out(19569): DEBUG: WebRTCService - onConnectionChange: CLOSED
09-15 13:23:24.352 I/System.out(19569): DEBUG: CallViewModel - onConnectionStateChanged CLOSED
09-15 13:23:24.352 I/System.out(19569): DEBUG: WebRTCService - onSignalingChange: CLOSED
09-15 13:23:24.354 I/org.webrtc.Logging(19569): VolumeLogger: stop@[name=worker_thread - 20986, id=29432]
09-15 13:23:24.354 I/org.webrtc.Logging(19569): WebRtcAudioTrackExternal: stopPlayout
09-15 13:23:24.354 I/org.webrtc.Logging(19569): WebRtcAudioTrackExternal: underrun count: 0
09-15 13:23:24.354 I/org.webrtc.Logging(19569): WebRtcAudioTrackExternal: stopThread
09-15 13:23:24.354 I/org.webrtc.Logging(19569): WebRtcAudioTrackExternal: Stopping the AudioTrackThread...
09-15 13:23:24.384 I/org.webrtc.Logging(19569): WebRtcAudioTrackExternal: AudioTrackThread has now been stopped.
09-15 13:23:24.385 I/org.webrtc.Logging(19569): WebRtcAudioTrackExternal: Calling AudioTrack.stop...
09-15 13:23:24.385 I/AudioTrack(19569): stop(sessionID=38025), packageName: com.fitnessss.fitlife
09-15 13:23:24.385 D/AudioTrack(19569): stop(7893): prior state:STATE_ACTIVE
09-15 13:23:24.385 D/AudioTrack(19569): stop(7893): called with 655200 frames delivered
09-15 13:23:24.387 I/org.webrtc.Logging(19569): WebRtcAudioTrackExternal: AudioTrack.stop is done.
09-15 13:23:24.387 I/org.webrtc.Logging(19569): WebRtcAudioTrackExternal: doAudioTrackStateCallback: 1
09-15 13:23:24.387 W/WebRTCService(19569): Audio playback stopped - speaker not active
09-15 13:23:24.387 I/org.webrtc.Logging(19569): WebRtcAudioTrackExternal: releaseAudioResources
09-15 13:23:24.388 I/AudioTrack(19569): stop(sessionID=38025), packageName: com.fitnessss.fitlife
09-15 13:23:24.388 D/AudioTrack(19569): stop(7893): prior state:STATE_STOPPED
09-15 13:23:24.388 D/AudioTrack(19569): ~AudioTrack(sessionID=38025)
09-15 13:23:24.388 I/AudioTrack(19569): stop(sessionID=38025), packageName: com.fitnessss.fitlife
09-15 13:23:24.388 D/AudioTrack(19569): stop(7893): prior state:STATE_STOPPED
09-15 13:23:24.391 D/AudioTrackStub(19569): ~AudioTrackStub() destroy
09-15 13:23:24.395 I/org.webrtc.Logging(19569): NetworkMonitor: Stop monitoring with native observer 
-5476376605487306864
09-15 13:23:24.396 I/org.webrtc.Logging(19569): NetworkMonitorAutoDetect: Unregister network callback
09-15 13:23:24.406 I/MediaFocusControl( 2344): abandonAudioFocus() from uid/pid 10426/19569 clientId=android.media.A
udioManager@c2f23e2com.fitnessss.fitlife.data.service.WebRTCService$$ExternalSyntheticLambda1@4e5aeea
09-15 13:23:24.910 I/System.out(19569): DEBUG: WebRTCService - disconnect() completed
09-15 13:23:24.922 I/System.out(19569): DEBUG: CallViewModel - connectionState: CLOSED
09-15 13:23:24.942 D/ArtChoreographerMonitor( 4537): invoke error.
09-15 13:23:25.013 I/AudioTrack(16317): start(7890): prior state:STATE_PAUSED packageName: 
com.google.android.youtube
09-15 13:23:25.138 D/AudioTrackImpl(16317): [APM]-AT reScheduleCpu() cpuSet=248 tid=29616
09-15 13:23:25.139 D/AudioTrack(16317): getTimestamp_l(7890): device stall time corrected using current time 
616320828167962
09-15 13:23:25.139 D/AudioTrackImpl(16317): [audioTrackData][fine] 35s(f:35736 m:0 s:0 k:0 z:0) : pid 16317 uid 
10224 sessionId 36513 sr 48000 ch 2 fmt 1 maxAmplitude 255
09-15 13:23:25.508 D/ShortcutIcon( 4189): setMessage textnull
09-15 13:23:25.552 I/BTAudioSessionAidl( 1555): ReportControlStatus - status=SUCCESS for 
SessionType=A2DP_HARDWARE_OFFLOAD_ENCODING_DATAPATH, bluetooth_audio=0x0200 started
09-15 13:23:25.880 D/ArtChoreographerMonitor( 4537): invoke error.
09-15 13:23:28.710 D/ArtChoreographerMonitor( 4537): invoke error.
09-15 13:23:28.907 D/ArtChoreographerMonitor( 4537): invoke error.
09-15 13:23:30.049 D/AudioTrackImpl(16317): [audioTrackData][fine] 40s(f:40006 m:0 s:0 k:0 z:0) : pid 16317 uid 
10224 sessionId 36513 sr 48000 ch 2 fmt 1 maxAmplitude 255
09-15 13:23:30.738 D/ArtChoreographerMonitor( 4537): invoke error.
09-15 13:23:30.909 D/ArtChoreographerMonitor( 4537): invoke error.
09-15 13:23:35.050 D/AudioTrackImpl(16317): [audioTrackData][fine] 45s(f:45007 m:0 s:0 k:0 z:0) : pid 16317 uid 
10224 sessionId 36513 sr 48000 ch 2 fmt 1 maxAmplitude 255
09-15 13:23:40.051 D/AudioTrackImpl(16317): [audioTrackData][fine] 50s(f:50007 m:0 s:0 k:0 z:0) : pid 16317 uid 
10224 sessionId 36513 sr 48000 ch 2 fmt 1 maxAmplitude 255
09-15 13:23:45.048 D/AudioTrackImpl(16317): [audioTrackData][fine] 55s(f:55004 m:0 s:0 k:0 z:0) : pid 16317 uid 
10224 sessionId 36513 sr 48000 ch 2 fmt 1 maxAmplitude 255
09-15 13:23:50.052 D/AudioTrackImpl(16317): [audioTrackData][fine] 60s(f:60009 m:0 s:0 k:0 z:0) : pid 16317 uid 
10224 sessionId 36513 sr 48000 ch 2 fmt 1 maxAmplitude 255
09-15 13:23:55.059 D/AudioTrackImpl(16317): [audioTrackData][fine] 5s(f:5006 m:0 s:0 k:0 z:0) : pid 16317 uid 10224 
sessionId 36513 sr 48000 ch 2 fmt 1 maxAmplitude 255
09-15 13:23:55.619 D/ArtChoreographerMonitor( 4537): invoke error.
09-15 13:23:55.789 D/ArtChoreographerMonitor( 4537): invoke error.
09-15 13:24:00.017 D/ArtChoreographerMonitor( 4537): invoke error.
09-15 13:24:00.059 D/AudioTrackImpl(16317): [audioTrackData][fine] 10s(f:10007 m:0 s:0 k:0 z:0) : pid 16317 uid 
10224 sessionId 36513 sr 48000 ch 2 fmt 1 maxAmplitude 255
09-15 13:24:00.196 D/ArtChoreographerMonitor( 4537): invoke error.
09-15 13:24:02.414 D/ArtChoreographerMonitor( 4537): invoke error.
09-15 13:24:02.478 D/AlertCoordinator( 4537): onViewBound, buzzBeep for 0|com.whatsapp.w4b|11|null|10291
09-15 13:24:02.951 D/ArtChoreographerMonitor( 4537): invoke error.
09-15 13:24:04.817 D/ArtChoreographerMonitor( 4537): invoke error.
09-15 13:24:05.055 D/AudioTrackImpl(16317): [audioTrackData][fine] 15s(f:15003 m:0 s:0 k:0 z:0) : pid 16317 uid 
10224 sessionId 36513 sr 48000 ch 2 fmt 1 maxAmplitude 255
09-15 13:24:05.105 D/ArtChoreographerMonitor( 4537): invoke error.
09-15 13:24:05.320 D/ShortcutIcon( 4189): setMessage textnull
09-15 13:24:10.057 D/AudioTrackImpl(16317): [audioTrackData][fine] 20s(f:20004 m:0 s:0 k:0 z:0) : pid 16317 uid 
10224 sessionId 36513 sr 48000 ch 2 fmt 1 maxAmplitude 255
09-15 13:24:14.125 I/vendor.xiaomi.hardware.micharge-service( 1756): ReadFilePathValue path = 
/sys/class/qcom-battery/real_type value = SDP
09-15 13:24:14.126 E/IMiCharge(30837): MiCharge method 4 val = SDP
09-15 13:24:14.126 I/IMiChargeUtils(30837): getIMiChargeStringValue method:getBatteryChargeType,value:SDP
09-15 13:24:14.126 I/IMiChargeUtils(30837): getBatteryChargeType : SDP
09-15 13:24:14.126 I/ChargeTimeUtilsV2(30837): chargeType:SDP
09-15 13:24:15.056 D/AudioTrackImpl(16317): [audioTrackData][fine] 25s(f:25004 m:0 s:0 k:0 z:0) : pid 16317 uid 
10224 sessionId 36513 sr 48000 ch 2 fmt 1 maxAmplitude 255
09-15 13:24:17.356 D/ArtChoreographerMonitor( 4537): invoke error.
09-15 13:24:17.525 D/ArtChoreographerMonitor( 4537): invoke error.
09-15 13:24:20.053 D/AudioTrackImpl(16317): [audioTrackData][fine] 30s(f:30001 m:0 s:0 k:0 z:0) : pid 16317 uid 
10224 sessionId 36513 sr 48000 ch 2 fmt 1 maxAmplitude 255
09-15 13:24:25.060 D/AudioTrackImpl(16317): [audioTrackData][fine] 35s(f:35008 m:0 s:0 k:0 z:0) : pid 16317 uid 
10224 sessionId 36513 sr 48000 ch 2 fmt 1 maxAmplitude 255
09-15 13:24:30.060 D/AudioTrackImpl(16317): [audioTrackData][fine] 40s(f:40008 m:0 s:0 k:0 z:0) : pid 16317 uid 
10224 sessionId 36513 sr 48000 ch 2 fmt 1 maxAmplitude 255
09-15 13:24:31.341 D/ArtChoreographerMonitor( 4537): invoke error.
09-15 13:24:31.375 I/vendor.xiaomi.hardware.micharge-service( 1756): ReadFilePathValue path = 
/sys/class/qcom-battery/real_type value = SDP
09-15 13:24:31.376 E/IMiCharge(30837): MiCharge method 4 val = SDP
09-15 13:24:31.376 I/IMiChargeUtils(30837): getIMiChargeStringValue method:getBatteryChargeType,value:SDP
09-15 13:24:31.376 I/IMiChargeUtils(30837): getBatteryChargeType : SDP
09-15 13:24:31.376 I/ChargeTimeUtilsV2(30837): chargeType:SDP
09-15 13:24:31.377 I/vendor.xiaomi.hardware.micharge-service( 1756): ReadFilePathValue path = 
/sys/class/qcom-battery/real_type value = SDP
09-15 13:24:31.378 E/IMiCharge(30837): MiCharge method 4 val = SDP
09-15 13:24:31.378 I/IMiChargeUtils(30837): getIMiChargeStringValue method:getBatteryChargeType,value:SDP
09-15 13:24:31.378 I/IMiChargeUtils(30837): getBatteryChargeType : SDP
